[     438ms] [ERROR] Failed to load resource: net::ERR_BLOCKED_BY_CLIENT @ https://exp.notion.so/v1/initialize?k=client-Tgza5wNFa8dVt9BdeUfG6Vkm29bHxX10MhoztTMzLBB&st=javascript-client&sv=3.17.1&t=1774218433645&sid=5c102fac-d37e-467d-a284-ce568ddff5bf&se=1:0
[     439ms] [ERROR] Failed to load resource: net::ERR_BLOCKED_BY_CLIENT @ https://exp.notion.so/v1/rgstr?k=client-Tgza5wNFa8dVt9BdeUfG6Vkm29bHxX10MhoztTMzLBB&st=javascript-client&sv=3.17.1&t=1774218433645&sid=5c102fac-d37e-467d-a284-ce568ddff5bf&ec=7&gz=1:0
[     576ms] [WARNING] Ignoring inability to install OPFS sqlite3_vfs: Cannot install OPFS: Missing SharedArrayBuffer and/or Atomics. The server must emit the COOP/COEP response headers to enable those. See https://sqlite.org/wasm/doc/trunk/persistence.md#coop-coep @ https://www.notion.so/_assets/wasm-sqlite-worker-da8f693576feb28c.js:0
[     680ms] [ERROR] Failed to load resource: net::ERR_BLOCKED_BY_CLIENT @ https://exp.notion.so/v1/rgstr?k=client-Tgza5wNFa8dVt9BdeUfG6Vkm29bHxX10MhoztTMzLBB&st=javascript-client&sv=3.17.1&t=1774218433887&sid=5c102fac-d37e-467d-a284-ce568ddff5bf&ec=1&gz=1:0
[    1377ms] [ERROR] Failed to load resource: net::ERR_BLOCKED_BY_CLIENT @ https://exp.notion.so/v1/initialize?k=client-Tgza5wNFa8dVt9BdeUfG6Vkm29bHxX10MhoztTMzLBB&st=javascript-client&sv=3.17.1&t=1774218434335&sid=5c102fac-d37e-467d-a284-ce568ddff5bf&se=1:0
[    1378ms] [ERROR] Failed to load resource: net::ERR_BLOCKED_BY_CLIENT @ https://exp.notion.so/v1/rgstr?k=client-Tgza5wNFa8dVt9BdeUfG6Vkm29bHxX10MhoztTMzLBB&st=javascript-client&sv=3.17.1&t=1774218434335&sid=5c102fac-d37e-467d-a284-ce568ddff5bf&ec=7&gz=1:0
[    2284ms] [ERROR] Failed to load resource: net::ERR_BLOCKED_BY_CLIENT @ https://exp.notion.so/v1/rgstr?k=client-Tgza5wNFa8dVt9BdeUfG6Vkm29bHxX10MhoztTMzLBB&st=javascript-client&sv=3.17.1&t=1774218434615&sid=5c102fac-d37e-467d-a284-ce568ddff5bf&ec=1&gz=1:0
[    2441ms] [ERROR] Failed to load resource: net::ERR_BLOCKED_BY_CLIENT @ https://exp.notion.so/v1/rgstr?k=client-Tgza5wNFa8dVt9BdeUfG6Vkm29bHxX10MhoztTMzLBB&st=javascript-client&sv=3.17.1&t=1774218435528&sid=5c102fac-d37e-467d-a284-ce568ddff5bf&ec=102&gz=1:0
[    2488ms] [ERROR] Failed to load resource: net::ERR_BLOCKED_BY_CLIENT @ https://connect.facebook.net/en_US/fbevents.js:0
[    2687ms] [WARNING] Amplitude Logger [Warn]: Event not tracked, no destination plugins on the instance @ https://www.notion.so/_assets/transport-support-e7d414a1cfeb3949.js:1
[    2806ms] [ERROR] Access to fetch at 'https://app.notion.com/exp/ping' from origin 'https://www.notion.so' has been blocked by CORS policy: No 'Access-Control-Allow-Origin' header is present on the requested resource. @ https://www.notion.so/172c204ac0b643daaa5a2240aca72fef?v=3902e66f45e34a32aab6e6750252baa3:0
[    2806ms] [ERROR] Failed to load resource: net::ERR_FAILED @ https://app.notion.com/exp/ping:0
[    3008ms] [ERROR] Failed to load resource: net::ERR_BLOCKED_BY_CLIENT @ https://exp.notion.so/v1/rgstr?k=client-Tgza5wNFa8dVt9BdeUfG6Vkm29bHxX10MhoztTMzLBB&st=javascript-client&sv=3.17.1&t=1774218436205&sid=5c102fac-d37e-467d-a284-ce568ddff5bf&ec=102&gz=1:0
[    3477ms] [ERROR] Failed to load resource: net::ERR_BLOCKED_BY_CLIENT @ https://assets.customer.io/assets/track.js:0
[    3500ms] [ERROR] Resource Sentinel noted a failed resource load of type script https://assets.customer.io/assets/track.js @ https://www.notion.so/172c204ac0b643daaa5a2240aca72fef:0
[    3501ms] [WARNING] Customer.io failed to load Error: Failed to load script: https://assets.customer.io/assets/track.js
    at HTMLScriptElement.<anonymous> (https://www.notion.so/_assets/9496-d9e37940ad049346.js:2:10256) @ https://www.notion.so/_assets/third-party-scripts-290cf5fb87d0ca9f.js:0
[    3502ms] [ERROR] Failed to load resource: net::ERR_BLOCKED_BY_CLIENT @ https://exp.notion.so/v1/rgstr?k=client-Tgza5wNFa8dVt9BdeUfG6Vkm29bHxX10MhoztTMzLBB&st=javascript-client&sv=3.17.1&t=1774218436666&sid=5c102fac-d37e-467d-a284-ce568ddff5bf&ec=102&gz=1:0
[    3524ms] [ERROR] Failed to load resource: net::ERR_BLOCKED_BY_CLIENT @ https://exp.notion.so/v1/initialize?k=client-Tgza5wNFa8dVt9BdeUfG6Vkm29bHxX10MhoztTMzLBB&st=javascript-client&sv=3.17.1&t=1774218436701&sid=5c102fac-d37e-467d-a284-ce568ddff5bf&se=1:0
[    3524ms] [ERROR]  ERROR  [Statsig] A networking error occurred during POST request to https://exp.notion.so/v1/initialize?k=client-Tgza5wNFa8dVt9BdeUfG6Vkm29bHxX10MhoztTMzLBB&st=javascript-client&sv=3.17.1&t=1774218436701&sid=5c102fac-d37e-467d-a284-ce568ddff5bf&se=1. TypeError: Failed to fetch TypeError: Failed to fetch
    at o.CtorContext.o.ApplyContext.reflect (chrome-extension://hnmpcagpplmpfojmgmnngilcnanddlhb/rulesets/scripting/scriptlet/ublock-filters.prevent-fetch.js:1:3040)
    at chrome-extension://hnmpcagpplmpfojmgmnngilcnanddlhb/rulesets/scripting/scriptlet/ublock-filters.prevent-fetch.js:1:1209
    at Object.apply (chrome-extension://hnmpcagpplmpfojmgmnngilcnanddlhb/rulesets/scripting/scriptlet/ublock-filters.prevent-fetch.js:1:3370)
    at n (chrome-extension://hoklmmgfnpapgjgcpechhaamimifchmp/frame_ant/frame_ant.js:2:15586)
    at window.fetch (chrome-extension://hoklmmgfnpapgjgcpechhaamimifchmp/frame_ant/frame_ant.js:2:15644)
    at i.<anonymous> (https://www.notion.so/_assets/64398-f3fb5209bd82f03c.js:10:7315)
    at Generator.next (<anonymous>)
    at o (https://www.notion.so/_assets/64398-f3fb5209bd82f03c.js:10:4570) @ https://www.notion.so/_assets/64398-f3fb5209bd82f03c.js:9
[    3526ms] [ERROR] Failed to load resource: net::ERR_BLOCKED_BY_CLIENT @ https://exp.notion.so/v1/rgstr?k=client-Tgza5wNFa8dVt9BdeUfG6Vkm29bHxX10MhoztTMzLBB&st=javascript-client&sv=3.17.1&t=1774218436702&sid=5c102fac-d37e-467d-a284-ce568ddff5bf&ec=7&gz=1:0
[    4100ms] [ERROR] Failed to load resource: net::ERR_BLOCKED_BY_CLIENT @ https://o324374.ingest.sentry.io/api/5741876/envelope/?sentry_key=704fe3b1898d4ccda1d05fe1ee79a1f7&sentry_version=7&sentry_client=sentry.javascript.browser%2F7.117.0:0
[    4103ms] [ERROR] Failed to load resource: net::ERR_BLOCKED_BY_CLIENT @ https://exp.notion.so/v1/rgstr?k=client-Tgza5wNFa8dVt9BdeUfG6Vkm29bHxX10MhoztTMzLBB&st=javascript-client&sv=3.17.1&t=1774218437260&sid=5c102fac-d37e-467d-a284-ce568ddff5bf&ec=102&gz=1:0
[    4357ms] [ERROR] Failed to load resource: net::ERR_BLOCKED_BY_CLIENT @ https://exp.notion.so/v1/rgstr?k=client-Tgza5wNFa8dVt9BdeUfG6Vkm29bHxX10MhoztTMzLBB&st=javascript-client&sv=3.17.1&t=1774218437529&sid=5c102fac-d37e-467d-a284-ce568ddff5bf&ec=1&gz=1:0
[    4425ms] [ERROR] Failed to load resource: net::ERR_BLOCKED_BY_CLIENT @ https://exp.notion.so/v1/rgstr?k=client-Tgza5wNFa8dVt9BdeUfG6Vkm29bHxX10MhoztTMzLBB&st=javascript-client&sv=3.17.1&t=1774218437620&sid=5c102fac-d37e-467d-a284-ce568ddff5bf&ec=102&gz=1:0
[    5015ms] [ERROR] Failed to load resource: net::ERR_BLOCKED_BY_CLIENT @ https://exp.notion.so/v1/rgstr?k=client-Tgza5wNFa8dVt9BdeUfG6Vkm29bHxX10MhoztTMzLBB&st=javascript-client&sv=3.17.1&t=1774218438189&sid=5c102fac-d37e-467d-a284-ce568ddff5bf&ec=102&gz=1:0
[    5084ms] [ERROR] Failed to load resource: net::ERR_BLOCKED_BY_CLIENT @ https://exp.notion.so/v1/rgstr?k=client-Tgza5wNFa8dVt9BdeUfG6Vkm29bHxX10MhoztTMzLBB&st=javascript-client&sv=3.17.1&t=1774218438263&sid=5c102fac-d37e-467d-a284-ce568ddff5bf&ec=102&gz=1:0
[    6115ms] [ERROR] Failed to load resource: net::ERR_BLOCKED_BY_CLIENT @ https://exp.notion.so/v1/rgstr?k=client-Tgza5wNFa8dVt9BdeUfG6Vkm29bHxX10MhoztTMzLBB&st=javascript-client&sv=3.17.1&t=1774218439321&sid=5c102fac-d37e-467d-a284-ce568ddff5bf&ec=102&gz=1:0
[    6117ms] TypeError: Failed to fetch
    at o.CtorContext.o.ApplyContext.reflect (chrome-extension://hnmpcagpplmpfojmgmnngilcnanddlhb/rulesets/scripting/scriptlet/ublock-filters.prevent-fetch.js:1:3040)
    at chrome-extension://hnmpcagpplmpfojmgmnngilcnanddlhb/rulesets/scripting/scriptlet/ublock-filters.prevent-fetch.js:1:1209
    at Object.apply (chrome-extension://hnmpcagpplmpfojmgmnngilcnanddlhb/rulesets/scripting/scriptlet/ublock-filters.prevent-fetch.js:1:3370)
    at n (chrome-extension://hoklmmgfnpapgjgcpechhaamimifchmp/frame_ant/frame_ant.js:2:15586)
    at window.fetch (chrome-extension://hoklmmgfnpapgjgcpechhaamimifchmp/frame_ant/frame_ant.js:2:15738)
    at https://www.notion.so/_assets/51706-1770d9772fbdc756.js:7:35023
    at i.<anonymous> (https://www.notion.so/_assets/64398-f3fb5209bd82f03c.js:10:7315)
    at Generator.next (<anonymous>)
    at o (https://www.notion.so/_assets/64398-f3fb5209bd82f03c.js:10:4570)
[    7030ms] [ERROR] Failed to load resource: net::ERR_BLOCKED_BY_CLIENT @ https://exp.notion.so/v1/rgstr?k=client-Tgza5wNFa8dVt9BdeUfG6Vkm29bHxX10MhoztTMzLBB&st=javascript-client&sv=3.17.1&t=1774218440236&sid=5c102fac-d37e-467d-a284-ce568ddff5bf&ec=102&gz=1:0
[    7031ms] TypeError: Failed to fetch
    at o.CtorContext.o.ApplyContext.reflect (chrome-extension://hnmpcagpplmpfojmgmnngilcnanddlhb/rulesets/scripting/scriptlet/ublock-filters.prevent-fetch.js:1:3040)
    at chrome-extension://hnmpcagpplmpfojmgmnngilcnanddlhb/rulesets/scripting/scriptlet/ublock-filters.prevent-fetch.js:1:1209
    at Object.apply (chrome-extension://hnmpcagpplmpfojmgmnngilcnanddlhb/rulesets/scripting/scriptlet/ublock-filters.prevent-fetch.js:1:3370)
    at n (chrome-extension://hoklmmgfnpapgjgcpechhaamimifchmp/frame_ant/frame_ant.js:2:15586)
    at window.fetch (chrome-extension://hoklmmgfnpapgjgcpechhaamimifchmp/frame_ant/frame_ant.js:2:15738)
    at https://www.notion.so/_assets/51706-1770d9772fbdc756.js:7:35023
    at i.<anonymous> (https://www.notion.so/_assets/64398-f3fb5209bd82f03c.js:10:7315)
    at Generator.next (<anonymous>)
    at o (https://www.notion.so/_assets/64398-f3fb5209bd82f03c.js:10:4570)
[    8038ms] [ERROR] Failed to load resource: net::ERR_BLOCKED_BY_CLIENT @ https://exp.notion.so/v1/rgstr?k=client-Tgza5wNFa8dVt9BdeUfG6Vkm29bHxX10MhoztTMzLBB&st=javascript-client&sv=3.17.1&t=1774218441245&sid=5c102fac-d37e-467d-a284-ce568ddff5bf&ec=7&gz=1:0
[    8038ms] [ERROR]  ERROR  [Statsig] A networking error occurred during POST request to https://exp.notion.so/v1/rgstr?k=client-Tgza5wNFa8dVt9BdeUfG6Vkm29bHxX10MhoztTMzLBB&st=javascript-client&sv=3.17.1&t=1774218441245&sid=5c102fac-d37e-467d-a284-ce568ddff5bf&ec=7&gz=1. TypeError: Failed to fetch TypeError: Failed to fetch
    at o.CtorContext.o.ApplyContext.reflect (chrome-extension://hnmpcagpplmpfojmgmnngilcnanddlhb/rulesets/scripting/scriptlet/ublock-filters.prevent-fetch.js:1:3040)
    at chrome-extension://hnmpcagpplmpfojmgmnngilcnanddlhb/rulesets/scripting/scriptlet/ublock-filters.prevent-fetch.js:1:1209
    at Object.apply (chrome-extension://hnmpcagpplmpfojmgmnngilcnanddlhb/rulesets/scripting/scriptlet/ublock-filters.prevent-fetch.js:1:3370)
    at n (chrome-extension://hoklmmgfnpapgjgcpechhaamimifchmp/frame_ant/frame_ant.js:2:15586)
    at window.fetch (chrome-extension://hoklmmgfnpapgjgcpechhaamimifchmp/frame_ant/frame_ant.js:2:15738)
    at https://www.notion.so/_assets/51706-1770d9772fbdc756.js:7:35023
    at i.<anonymous> (https://www.notion.so/_assets/64398-f3fb5209bd82f03c.js:10:7315)
    at Generator.next (<anonymous>)
    at o (https://www.notion.so/_assets/64398-f3fb5209bd82f03c.js:10:4570) @ https://www.notion.so/_assets/51706-1770d9772fbdc756.js:6
[    8039ms] [WARNING]   WARN  [Statsig] Failed to flush events. @ https://www.notion.so/_assets/51706-1770d9772fbdc756.js:6
[    8040ms] TypeError: Failed to fetch
    at o.CtorContext.o.ApplyContext.reflect (chrome-extension://hnmpcagpplmpfojmgmnngilcnanddlhb/rulesets/scripting/scriptlet/ublock-filters.prevent-fetch.js:1:3040)
    at chrome-extension://hnmpcagpplmpfojmgmnngilcnanddlhb/rulesets/scripting/scriptlet/ublock-filters.prevent-fetch.js:1:1209
    at Object.apply (chrome-extension://hnmpcagpplmpfojmgmnngilcnanddlhb/rulesets/scripting/scriptlet/ublock-filters.prevent-fetch.js:1:3370)
    at n (chrome-extension://hoklmmgfnpapgjgcpechhaamimifchmp/frame_ant/frame_ant.js:2:15586)
    at window.fetch (chrome-extension://hoklmmgfnpapgjgcpechhaamimifchmp/frame_ant/frame_ant.js:2:15738)
    at https://www.notion.so/_assets/51706-1770d9772fbdc756.js:7:35023
    at i.<anonymous> (https://www.notion.so/_assets/64398-f3fb5209bd82f03c.js:10:7315)
    at Generator.next (<anonymous>)
    at o (https://www.notion.so/_assets/64398-f3fb5209bd82f03c.js:10:4570)
[    8870ms] [ERROR] Failed to load resource: net::ERR_BLOCKED_BY_CLIENT @ https://exp.notion.so/v1/rgstr?k=client-Tgza5wNFa8dVt9BdeUfG6Vkm29bHxX10MhoztTMzLBB&st=javascript-client&sv=3.17.1&t=1774218442078&sid=5c102fac-d37e-467d-a284-ce568ddff5bf&ec=1&gz=1:0
[    8871ms] [ERROR]  ERROR  [Statsig] A networking error occurred during POST request to https://exp.notion.so/v1/rgstr?k=client-Tgza5wNFa8dVt9BdeUfG6Vkm29bHxX10MhoztTMzLBB&st=javascript-client&sv=3.17.1&t=1774218442078&sid=5c102fac-d37e-467d-a284-ce568ddff5bf&ec=1&gz=1. TypeError: Failed to fetch TypeError: Failed to fetch
    at o.CtorContext.o.ApplyContext.reflect (chrome-extension://hnmpcagpplmpfojmgmnngilcnanddlhb/rulesets/scripting/scriptlet/ublock-filters.prevent-fetch.js:1:3040)
    at chrome-extension://hnmpcagpplmpfojmgmnngilcnanddlhb/rulesets/scripting/scriptlet/ublock-filters.prevent-fetch.js:1:1209
    at Object.apply (chrome-extension://hnmpcagpplmpfojmgmnngilcnanddlhb/rulesets/scripting/scriptlet/ublock-filters.prevent-fetch.js:1:3370)
    at n (chrome-extension://hoklmmgfnpapgjgcpechhaamimifchmp/frame_ant/frame_ant.js:2:15586)
    at window.fetch (chrome-extension://hoklmmgfnpapgjgcpechhaamimifchmp/frame_ant/frame_ant.js:2:15738)
    at https://www.notion.so/_assets/51706-1770d9772fbdc756.js:7:35023
    at i.<anonymous> (https://www.notion.so/_assets/64398-f3fb5209bd82f03c.js:10:7315)
    at Generator.next (<anonymous>)
    at o (https://www.notion.so/_assets/64398-f3fb5209bd82f03c.js:10:4570) @ https://www.notion.so/_assets/51706-1770d9772fbdc756.js:6
[    8871ms] [WARNING]   WARN  [Statsig] Failed to flush events. @ https://www.notion.so/_assets/51706-1770d9772fbdc756.js:6
[    8873ms] TypeError: Failed to fetch
    at o.CtorContext.o.ApplyContext.reflect (chrome-extension://hnmpcagpplmpfojmgmnngilcnanddlhb/rulesets/scripting/scriptlet/ublock-filters.prevent-fetch.js:1:3040)
    at chrome-extension://hnmpcagpplmpfojmgmnngilcnanddlhb/rulesets/scripting/scriptlet/ublock-filters.prevent-fetch.js:1:1209
    at Object.apply (chrome-extension://hnmpcagpplmpfojmgmnngilcnanddlhb/rulesets/scripting/scriptlet/ublock-filters.prevent-fetch.js:1:3370)
    at n (chrome-extension://hoklmmgfnpapgjgcpechhaamimifchmp/frame_ant/frame_ant.js:2:15586)
    at window.fetch (chrome-extension://hoklmmgfnpapgjgcpechhaamimifchmp/frame_ant/frame_ant.js:2:15738)
    at https://www.notion.so/_assets/51706-1770d9772fbdc756.js:7:35023
    at i.<anonymous> (https://www.notion.so/_assets/64398-f3fb5209bd82f03c.js:10:7315)
    at Generator.next (<anonymous>)
    at o (https://www.notion.so/_assets/64398-f3fb5209bd82f03c.js:10:4570)
[    9604ms] [ERROR] Failed to load resource: net::ERR_BLOCKED_BY_CLIENT @ https://exp.notion.so/v1/rgstr?k=client-Tgza5wNFa8dVt9BdeUfG6Vkm29bHxX10MhoztTMzLBB&st=javascript-client&sv=3.17.1&t=1774218442811&sid=5c102fac-d37e-467d-a284-ce568ddff5bf&ec=102&gz=1:0
[    9605ms] [ERROR]  ERROR  [Statsig] A networking error occurred during POST request to https://exp.notion.so/v1/rgstr?k=client-Tgza5wNFa8dVt9BdeUfG6Vkm29bHxX10MhoztTMzLBB&st=javascript-client&sv=3.17.1&t=1774218442811&sid=5c102fac-d37e-467d-a284-ce568ddff5bf&ec=102&gz=1. TypeError: Failed to fetch TypeError: Failed to fetch
    at o.CtorContext.o.ApplyContext.reflect (chrome-extension://hnmpcagpplmpfojmgmnngilcnanddlhb/rulesets/scripting/scriptlet/ublock-filters.prevent-fetch.js:1:3040)
    at chrome-extension://hnmpcagpplmpfojmgmnngilcnanddlhb/rulesets/scripting/scriptlet/ublock-filters.prevent-fetch.js:1:1209
    at Object.apply (chrome-extension://hnmpcagpplmpfojmgmnngilcnanddlhb/rulesets/scripting/scriptlet/ublock-filters.prevent-fetch.js:1:3370)
    at n (chrome-extension://hoklmmgfnpapgjgcpechhaamimifchmp/frame_ant/frame_ant.js:2:15586)
    at window.fetch (chrome-extension://hoklmmgfnpapgjgcpechhaamimifchmp/frame_ant/frame_ant.js:2:15738)
    at https://www.notion.so/_assets/51706-1770d9772fbdc756.js:7:35023
    at i.<anonymous> (https://www.notion.so/_assets/64398-f3fb5209bd82f03c.js:10:7315)
    at Generator.next (<anonymous>)
    at o (https://www.notion.so/_assets/64398-f3fb5209bd82f03c.js:10:4570) @ https://www.notion.so/_assets/51706-1770d9772fbdc756.js:6
[    9605ms] [WARNING]   WARN  [Statsig] Failed to flush events. @ https://www.notion.so/_assets/51706-1770d9772fbdc756.js:6
[    9608ms] TypeError: Failed to fetch
    at o.CtorContext.o.ApplyContext.reflect (chrome-extension://hnmpcagpplmpfojmgmnngilcnanddlhb/rulesets/scripting/scriptlet/ublock-filters.prevent-fetch.js:1:3040)
    at chrome-extension://hnmpcagpplmpfojmgmnngilcnanddlhb/rulesets/scripting/scriptlet/ublock-filters.prevent-fetch.js:1:1209
    at Object.apply (chrome-extension://hnmpcagpplmpfojmgmnngilcnanddlhb/rulesets/scripting/scriptlet/ublock-filters.prevent-fetch.js:1:3370)
    at n (chrome-extension://hoklmmgfnpapgjgcpechhaamimifchmp/frame_ant/frame_ant.js:2:15586)
    at window.fetch (chrome-extension://hoklmmgfnpapgjgcpechhaamimifchmp/frame_ant/frame_ant.js:2:15738)
    at https://www.notion.so/_assets/51706-1770d9772fbdc756.js:7:35023
    at i.<anonymous> (https://www.notion.so/_assets/64398-f3fb5209bd82f03c.js:10:7315)
    at Generator.next (<anonymous>)
    at o (https://www.notion.so/_assets/64398-f3fb5209bd82f03c.js:10:4570)
[   10442ms] [ERROR] Failed to load resource: net::ERR_BLOCKED_BY_CLIENT @ https://exp.notion.so/v1/rgstr?k=client-Tgza5wNFa8dVt9BdeUfG6Vkm29bHxX10MhoztTMzLBB&st=javascript-client&sv=3.17.1&t=1774218443648&sid=5c102fac-d37e-467d-a284-ce568ddff5bf&ec=45&gz=1:0
[   10445ms] TypeError: Failed to fetch
    at o.CtorContext.o.ApplyContext.reflect (chrome-extension://hnmpcagpplmpfojmgmnngilcnanddlhb/rulesets/scripting/scriptlet/ublock-filters.prevent-fetch.js:1:3040)
    at chrome-extension://hnmpcagpplmpfojmgmnngilcnanddlhb/rulesets/scripting/scriptlet/ublock-filters.prevent-fetch.js:1:1209
    at Object.apply (chrome-extension://hnmpcagpplmpfojmgmnngilcnanddlhb/rulesets/scripting/scriptlet/ublock-filters.prevent-fetch.js:1:3370)
    at n (chrome-extension://hoklmmgfnpapgjgcpechhaamimifchmp/frame_ant/frame_ant.js:2:15586)
    at window.fetch (chrome-extension://hoklmmgfnpapgjgcpechhaamimifchmp/frame_ant/frame_ant.js:2:15738)
    at https://www.notion.so/_assets/51706-1770d9772fbdc756.js:7:35023
    at i.<anonymous> (https://www.notion.so/_assets/64398-f3fb5209bd82f03c.js:10:7315)
    at Generator.next (<anonymous>)
    at o (https://www.notion.so/_assets/64398-f3fb5209bd82f03c.js:10:4570)
[   10623ms] [ERROR] Failed to load resource: net::ERR_BLOCKED_BY_CLIENT @ https://exp.notion.so/v1/rgstr?k=client-Tgza5wNFa8dVt9BdeUfG6Vkm29bHxX10MhoztTMzLBB&st=javascript-client&sv=3.17.1&t=1774218443829&sid=5c102fac-d37e-467d-a284-ce568ddff5bf&ec=102&gz=1:0
[   10623ms] [ERROR]  ERROR  [Statsig] A networking error occurred during POST request to https://exp.notion.so/v1/rgstr?k=client-Tgza5wNFa8dVt9BdeUfG6Vkm29bHxX10MhoztTMzLBB&st=javascript-client&sv=3.17.1&t=1774218443829&sid=5c102fac-d37e-467d-a284-ce568ddff5bf&ec=102&gz=1. TypeError: Failed to fetch TypeError: Failed to fetch
    at o.CtorContext.o.ApplyContext.reflect (chrome-extension://hnmpcagpplmpfojmgmnngilcnanddlhb/rulesets/scripting/scriptlet/ublock-filters.prevent-fetch.js:1:3040)
    at chrome-extension://hnmpcagpplmpfojmgmnngilcnanddlhb/rulesets/scripting/scriptlet/ublock-filters.prevent-fetch.js:1:1209
    at Object.apply (chrome-extension://hnmpcagpplmpfojmgmnngilcnanddlhb/rulesets/scripting/scriptlet/ublock-filters.prevent-fetch.js:1:3370)
    at n (chrome-extension://hoklmmgfnpapgjgcpechhaamimifchmp/frame_ant/frame_ant.js:2:15586)
    at window.fetch (chrome-extension://hoklmmgfnpapgjgcpechhaamimifchmp/frame_ant/frame_ant.js:2:15738)
    at https://www.notion.so/_assets/51706-1770d9772fbdc756.js:7:35023
    at i.<anonymous> (https://www.notion.so/_assets/64398-f3fb5209bd82f03c.js:10:7315)
    at Generator.next (<anonymous>)
    at o (https://www.notion.so/_assets/64398-f3fb5209bd82f03c.js:10:4570) @ https://www.notion.so/_assets/51706-1770d9772fbdc756.js:6
[   10623ms] [WARNING]   WARN  [Statsig] Failed to flush events. @ https://www.notion.so/_assets/51706-1770d9772fbdc756.js:6
[   10627ms] TypeError: Failed to fetch
    at o.CtorContext.o.ApplyContext.reflect (chrome-extension://hnmpcagpplmpfojmgmnngilcnanddlhb/rulesets/scripting/scriptlet/ublock-filters.prevent-fetch.js:1:3040)
    at chrome-extension://hnmpcagpplmpfojmgmnngilcnanddlhb/rulesets/scripting/scriptlet/ublock-filters.prevent-fetch.js:1:1209
    at Object.apply (chrome-extension://hnmpcagpplmpfojmgmnngilcnanddlhb/rulesets/scripting/scriptlet/ublock-filters.prevent-fetch.js:1:3370)
    at n (chrome-extension://hoklmmgfnpapgjgcpechhaamimifchmp/frame_ant/frame_ant.js:2:15586)
    at window.fetch (chrome-extension://hoklmmgfnpapgjgcpechhaamimifchmp/frame_ant/frame_ant.js:2:15738)
    at https://www.notion.so/_assets/51706-1770d9772fbdc756.js:7:35023
    at i.<anonymous> (https://www.notion.so/_assets/64398-f3fb5209bd82f03c.js:10:7315)
    at Generator.next (<anonymous>)
    at o (https://www.notion.so/_assets/64398-f3fb5209bd82f03c.js:10:4570)
[   10955ms] [ERROR] Failed to load resource: net::ERR_BLOCKED_BY_CLIENT @ https://exp.notion.so/v1/rgstr?k=client-Tgza5wNFa8dVt9BdeUfG6Vkm29bHxX10MhoztTMzLBB&st=javascript-client&sv=3.17.1&t=1774218444161&sid=5c102fac-d37e-467d-a284-ce568ddff5bf&ec=45&gz=1:0
[   10957ms] TypeError: Failed to fetch
    at o.CtorContext.o.ApplyContext.reflect (chrome-extension://hnmpcagpplmpfojmgmnngilcnanddlhb/rulesets/scripting/scriptlet/ublock-filters.prevent-fetch.js:1:3040)
    at chrome-extension://hnmpcagpplmpfojmgmnngilcnanddlhb/rulesets/scripting/scriptlet/ublock-filters.prevent-fetch.js:1:1209
    at Object.apply (chrome-extension://hnmpcagpplmpfojmgmnngilcnanddlhb/rulesets/scripting/scriptlet/ublock-filters.prevent-fetch.js:1:3370)
    at n (chrome-extension://hoklmmgfnpapgjgcpechhaamimifchmp/frame_ant/frame_ant.js:2:15586)
    at window.fetch (chrome-extension://hoklmmgfnpapgjgcpechhaamimifchmp/frame_ant/frame_ant.js:2:15738)
    at https://www.notion.so/_assets/51706-1770d9772fbdc756.js:7:35023
    at i.<anonymous> (https://www.notion.so/_assets/64398-f3fb5209bd82f03c.js:10:7315)
    at Generator.next (<anonymous>)
    at o (https://www.notion.so/_assets/64398-f3fb5209bd82f03c.js:10:4570)
[   11541ms] [ERROR] Failed to load resource: net::ERR_BLOCKED_BY_CLIENT @ https://exp.notion.so/v1/rgstr?k=client-Tgza5wNFa8dVt9BdeUfG6Vkm29bHxX10MhoztTMzLBB&st=javascript-client&sv=3.17.1&t=1774218444745&sid=5c102fac-d37e-467d-a284-ce568ddff5bf&ec=102&gz=1:0
[   11542ms] [ERROR]  ERROR  [Statsig] A networking error occurred during POST request to https://exp.notion.so/v1/rgstr?k=client-Tgza5wNFa8dVt9BdeUfG6Vkm29bHxX10MhoztTMzLBB&st=javascript-client&sv=3.17.1&t=1774218444745&sid=5c102fac-d37e-467d-a284-ce568ddff5bf&ec=102&gz=1. TypeError: Failed to fetch TypeError: Failed to fetch
    at o.CtorContext.o.ApplyContext.reflect (chrome-extension://hnmpcagpplmpfojmgmnngilcnanddlhb/rulesets/scripting/scriptlet/ublock-filters.prevent-fetch.js:1:3040)
    at chrome-extension://hnmpcagpplmpfojmgmnngilcnanddlhb/rulesets/scripting/scriptlet/ublock-filters.prevent-fetch.js:1:1209
    at Object.apply (chrome-extension://hnmpcagpplmpfojmgmnngilcnanddlhb/rulesets/scripting/scriptlet/ublock-filters.prevent-fetch.js:1:3370)
    at n (chrome-extension://hoklmmgfnpapgjgcpechhaamimifchmp/frame_ant/frame_ant.js:2:15586)
    at window.fetch (chrome-extension://hoklmmgfnpapgjgcpechhaamimifchmp/frame_ant/frame_ant.js:2:15738)
    at https://www.notion.so/_assets/51706-1770d9772fbdc756.js:7:35023
    at i.<anonymous> (https://www.notion.so/_assets/64398-f3fb5209bd82f03c.js:10:7315)
    at Generator.next (<anonymous>)
    at o (https://www.notion.so/_assets/64398-f3fb5209bd82f03c.js:10:4570) @ https://www.notion.so/_assets/51706-1770d9772fbdc756.js:6
[   11542ms] [WARNING]   WARN  [Statsig] Failed to flush events. @ https://www.notion.so/_assets/51706-1770d9772fbdc756.js:6
[   11547ms] TypeError: Failed to fetch
    at o.CtorContext.o.ApplyContext.reflect (chrome-extension://hnmpcagpplmpfojmgmnngilcnanddlhb/rulesets/scripting/scriptlet/ublock-filters.prevent-fetch.js:1:3040)
    at chrome-extension://hnmpcagpplmpfojmgmnngilcnanddlhb/rulesets/scripting/scriptlet/ublock-filters.prevent-fetch.js:1:1209
    at Object.apply (chrome-extension://hnmpcagpplmpfojmgmnngilcnanddlhb/rulesets/scripting/scriptlet/ublock-filters.prevent-fetch.js:1:3370)
    at n (chrome-extension://hoklmmgfnpapgjgcpechhaamimifchmp/frame_ant/frame_ant.js:2:15586)
    at window.fetch (chrome-extension://hoklmmgfnpapgjgcpechhaamimifchmp/frame_ant/frame_ant.js:2:15738)
    at https://www.notion.so/_assets/51706-1770d9772fbdc756.js:7:35023
    at i.<anonymous> (https://www.notion.so/_assets/64398-f3fb5209bd82f03c.js:10:7315)
    at Generator.next (<anonymous>)
    at o (https://www.notion.so/_assets/64398-f3fb5209bd82f03c.js:10:4570)
[   12970ms] [ERROR] Failed to load resource: net::ERR_BLOCKED_BY_CLIENT @ https://exp.notion.so/v1/rgstr?k=client-Tgza5wNFa8dVt9BdeUfG6Vkm29bHxX10MhoztTMzLBB&st=javascript-client&sv=3.17.1&t=1774218446177&sid=5c102fac-d37e-467d-a284-ce568ddff5bf&ec=45&gz=1:0
[   12971ms] TypeError: Failed to fetch
    at o.CtorContext.o.ApplyContext.reflect (chrome-extension://hnmpcagpplmpfojmgmnngilcnanddlhb/rulesets/scripting/scriptlet/ublock-filters.prevent-fetch.js:1:3040)
    at chrome-extension://hnmpcagpplmpfojmgmnngilcnanddlhb/rulesets/scripting/scriptlet/ublock-filters.prevent-fetch.js:1:1209
    at Object.apply (chrome-extension://hnmpcagpplmpfojmgmnngilcnanddlhb/rulesets/scripting/scriptlet/ublock-filters.prevent-fetch.js:1:3370)
    at n (chrome-extension://hoklmmgfnpapgjgcpechhaamimifchmp/frame_ant/frame_ant.js:2:15586)
    at window.fetch (chrome-extension://hoklmmgfnpapgjgcpechhaamimifchmp/frame_ant/frame_ant.js:2:15738)
    at https://www.notion.so/_assets/51706-1770d9772fbdc756.js:7:35023
    at i.<anonymous> (https://www.notion.so/_assets/64398-f3fb5209bd82f03c.js:10:7315)
    at Generator.next (<anonymous>)
    at o (https://www.notion.so/_assets/64398-f3fb5209bd82f03c.js:10:4570)
[   17492ms] [ERROR] Failed to load resource: net::ERR_BLOCKED_BY_CLIENT @ https://exp.notion.so/v1/rgstr?k=client-Tgza5wNFa8dVt9BdeUfG6Vkm29bHxX10MhoztTMzLBB&st=javascript-client&sv=3.17.1&t=1774218450697&sid=5c102fac-d37e-467d-a284-ce568ddff5bf&ec=45&gz=1:0
[   17492ms] [ERROR]  ERROR  [Statsig] A networking error occurred during POST request to https://exp.notion.so/v1/rgstr?k=client-Tgza5wNFa8dVt9BdeUfG6Vkm29bHxX10MhoztTMzLBB&st=javascript-client&sv=3.17.1&t=1774218450697&sid=5c102fac-d37e-467d-a284-ce568ddff5bf&ec=45&gz=1. TypeError: Failed to fetch TypeError: Failed to fetch
    at o.CtorContext.o.ApplyContext.reflect (chrome-extension://hnmpcagpplmpfojmgmnngilcnanddlhb/rulesets/scripting/scriptlet/ublock-filters.prevent-fetch.js:1:3040)
    at chrome-extension://hnmpcagpplmpfojmgmnngilcnanddlhb/rulesets/scripting/scriptlet/ublock-filters.prevent-fetch.js:1:1209
    at Object.apply (chrome-extension://hnmpcagpplmpfojmgmnngilcnanddlhb/rulesets/scripting/scriptlet/ublock-filters.prevent-fetch.js:1:3370)
    at n (chrome-extension://hoklmmgfnpapgjgcpechhaamimifchmp/frame_ant/frame_ant.js:2:15586)
    at window.fetch (chrome-extension://hoklmmgfnpapgjgcpechhaamimifchmp/frame_ant/frame_ant.js:2:15738)
    at https://www.notion.so/_assets/51706-1770d9772fbdc756.js:7:35023
    at i.<anonymous> (https://www.notion.so/_assets/64398-f3fb5209bd82f03c.js:10:7315)
    at Generator.next (<anonymous>)
    at o (https://www.notion.so/_assets/64398-f3fb5209bd82f03c.js:10:4570) @ https://www.notion.so/_assets/51706-1770d9772fbdc756.js:6
[   17492ms] [WARNING]   WARN  [Statsig] Failed to flush events. @ https://www.notion.so/_assets/51706-1770d9772fbdc756.js:6
[   17494ms] TypeError: Failed to fetch
    at o.CtorContext.o.ApplyContext.reflect (chrome-extension://hnmpcagpplmpfojmgmnngilcnanddlhb/rulesets/scripting/scriptlet/ublock-filters.prevent-fetch.js:1:3040)
    at chrome-extension://hnmpcagpplmpfojmgmnngilcnanddlhb/rulesets/scripting/scriptlet/ublock-filters.prevent-fetch.js:1:1209
    at Object.apply (chrome-extension://hnmpcagpplmpfojmgmnngilcnanddlhb/rulesets/scripting/scriptlet/ublock-filters.prevent-fetch.js:1:3370)
    at n (chrome-extension://hoklmmgfnpapgjgcpechhaamimifchmp/frame_ant/frame_ant.js:2:15586)
    at window.fetch (chrome-extension://hoklmmgfnpapgjgcpechhaamimifchmp/frame_ant/frame_ant.js:2:15738)
    at https://www.notion.so/_assets/51706-1770d9772fbdc756.js:7:35023
    at i.<anonymous> (https://www.notion.so/_assets/64398-f3fb5209bd82f03c.js:10:7315)
    at Generator.next (<anonymous>)
    at o (https://www.notion.so/_assets/64398-f3fb5209bd82f03c.js:10:4570)
[   22931ms] [ERROR] Failed to load resource: net::ERR_BLOCKED_BY_CLIENT @ https://exp.notion.so/v1/rgstr?k=client-Tgza5wNFa8dVt9BdeUfG6Vkm29bHxX10MhoztTMzLBB&st=javascript-client&sv=3.17.1&t=1774218454093&sid=5c102fac-d37e-467d-a284-ce568ddff5bf&ec=7&gz=1:0
[   23927ms] TypeError: Failed to fetch
    at o.CtorContext.o.ApplyContext.reflect (chrome-extension://hnmpcagpplmpfojmgmnngilcnanddlhb/rulesets/scripting/scriptlet/ublock-filters.prevent-fetch.js:1:3040)
    at chrome-extension://hnmpcagpplmpfojmgmnngilcnanddlhb/rulesets/scripting/scriptlet/ublock-filters.prevent-fetch.js:1:1209
    at Object.apply (chrome-extension://hnmpcagpplmpfojmgmnngilcnanddlhb/rulesets/scripting/scriptlet/ublock-filters.prevent-fetch.js:1:3370)
    at n (chrome-extension://hoklmmgfnpapgjgcpechhaamimifchmp/frame_ant/frame_ant.js:2:15586)
    at window.fetch (chrome-extension://hoklmmgfnpapgjgcpechhaamimifchmp/frame_ant/frame_ant.js:2:15738)
    at https://www.notion.so/_assets/51706-1770d9772fbdc756.js:7:35023
    at i.<anonymous> (https://www.notion.so/_assets/64398-f3fb5209bd82f03c.js:10:7315)
    at Generator.next (<anonymous>)
    at o (https://www.notion.so/_assets/64398-f3fb5209bd82f03c.js:10:4570)
[   25956ms] [ERROR] Failed to load resource: net::ERR_BLOCKED_BY_CLIENT @ https://exp.notion.so/v1/rgstr?k=client-Tgza5wNFa8dVt9BdeUfG6Vkm29bHxX10MhoztTMzLBB&st=javascript-client&sv=3.17.1&t=1774218458151&sid=5c102fac-d37e-467d-a284-ce568ddff5bf&ec=7&gz=1:0
[   26973ms] TypeError: Failed to fetch
    at o.CtorContext.o.ApplyContext.reflect (chrome-extension://hnmpcagpplmpfojmgmnngilcnanddlhb/rulesets/scripting/scriptlet/ublock-filters.prevent-fetch.js:1:3040)
    at chrome-extension://hnmpcagpplmpfojmgmnngilcnanddlhb/rulesets/scripting/scriptlet/ublock-filters.prevent-fetch.js:1:1209
    at Object.apply (chrome-extension://hnmpcagpplmpfojmgmnngilcnanddlhb/rulesets/scripting/scriptlet/ublock-filters.prevent-fetch.js:1:3370)
    at n (chrome-extension://hoklmmgfnpapgjgcpechhaamimifchmp/frame_ant/frame_ant.js:2:15586)
    at window.fetch (chrome-extension://hoklmmgfnpapgjgcpechhaamimifchmp/frame_ant/frame_ant.js:2:15738)
    at https://www.notion.so/_assets/51706-1770d9772fbdc756.js:7:35023
    at i.<anonymous> (https://www.notion.so/_assets/64398-f3fb5209bd82f03c.js:10:7315)
    at Generator.next (<anonymous>)
    at o (https://www.notion.so/_assets/64398-f3fb5209bd82f03c.js:10:4570)
[   29008ms] [ERROR] Failed to load resource: net::ERR_BLOCKED_BY_CLIENT @ https://exp.notion.so/v1/rgstr?k=client-Tgza5wNFa8dVt9BdeUfG6Vkm29bHxX10MhoztTMzLBB&st=javascript-client&sv=3.17.1&t=1774218462213&sid=5c102fac-d37e-467d-a284-ce568ddff5bf&ec=7&gz=1:0
[   30021ms] TypeError: Failed to fetch
    at o.CtorContext.o.ApplyContext.reflect (chrome-extension://hnmpcagpplmpfojmgmnngilcnanddlhb/rulesets/scripting/scriptlet/ublock-filters.prevent-fetch.js:1:3040)
    at chrome-extension://hnmpcagpplmpfojmgmnngilcnanddlhb/rulesets/scripting/scriptlet/ublock-filters.prevent-fetch.js:1:1209
    at Object.apply (chrome-extension://hnmpcagpplmpfojmgmnngilcnanddlhb/rulesets/scripting/scriptlet/ublock-filters.prevent-fetch.js:1:3370)
    at n (chrome-extension://hoklmmgfnpapgjgcpechhaamimifchmp/frame_ant/frame_ant.js:2:15586)
    at window.fetch (chrome-extension://hoklmmgfnpapgjgcpechhaamimifchmp/frame_ant/frame_ant.js:2:15738)
    at https://www.notion.so/_assets/51706-1770d9772fbdc756.js:7:35023
    at i.<anonymous> (https://www.notion.so/_assets/64398-f3fb5209bd82f03c.js:10:7315)
    at Generator.next (<anonymous>)
    at o (https://www.notion.so/_assets/64398-f3fb5209bd82f03c.js:10:4570)
[   33515ms] [ERROR] Failed to load resource: net::ERR_BLOCKED_BY_CLIENT @ https://exp.notion.so/v1/rgstr?k=client-Tgza5wNFa8dVt9BdeUfG6Vkm29bHxX10MhoztTMzLBB&st=javascript-client&sv=3.17.1&t=1774218466722&sid=5c102fac-d37e-467d-a284-ce568ddff5bf&ec=7&gz=1:0
[   33516ms] [ERROR]  ERROR  [Statsig] A networking error occurred during POST request to https://exp.notion.so/v1/rgstr?k=client-Tgza5wNFa8dVt9BdeUfG6Vkm29bHxX10MhoztTMzLBB&st=javascript-client&sv=3.17.1&t=1774218466722&sid=5c102fac-d37e-467d-a284-ce568ddff5bf&ec=7&gz=1. TypeError: Failed to fetch TypeError: Failed to fetch
    at o.CtorContext.o.ApplyContext.reflect (chrome-extension://hnmpcagpplmpfojmgmnngilcnanddlhb/rulesets/scripting/scriptlet/ublock-filters.prevent-fetch.js:1:3040)
    at chrome-extension://hnmpcagpplmpfojmgmnngilcnanddlhb/rulesets/scripting/scriptlet/ublock-filters.prevent-fetch.js:1:1209
    at Object.apply (chrome-extension://hnmpcagpplmpfojmgmnngilcnanddlhb/rulesets/scripting/scriptlet/ublock-filters.prevent-fetch.js:1:3370)
    at n (chrome-extension://hoklmmgfnpapgjgcpechhaamimifchmp/frame_ant/frame_ant.js:2:15586)
    at window.fetch (chrome-extension://hoklmmgfnpapgjgcpechhaamimifchmp/frame_ant/frame_ant.js:2:15738)
    at https://www.notion.so/_assets/51706-1770d9772fbdc756.js:7:35023
    at i.<anonymous> (https://www.notion.so/_assets/64398-f3fb5209bd82f03c.js:10:7315)
    at Generator.next (<anonymous>)
    at o (https://www.notion.so/_assets/64398-f3fb5209bd82f03c.js:10:4570) @ https://www.notion.so/_assets/51706-1770d9772fbdc756.js:6
[   33516ms] [WARNING]   WARN  [Statsig] Failed to flush events. @ https://www.notion.so/_assets/51706-1770d9772fbdc756.js:6
[   33518ms] TypeError: Failed to fetch
    at o.CtorContext.o.ApplyContext.reflect (chrome-extension://hnmpcagpplmpfojmgmnngilcnanddlhb/rulesets/scripting/scriptlet/ublock-filters.prevent-fetch.js:1:3040)
    at chrome-extension://hnmpcagpplmpfojmgmnngilcnanddlhb/rulesets/scripting/scriptlet/ublock-filters.prevent-fetch.js:1:1209
    at Object.apply (chrome-extension://hnmpcagpplmpfojmgmnngilcnanddlhb/rulesets/scripting/scriptlet/ublock-filters.prevent-fetch.js:1:3370)
    at n (chrome-extension://hoklmmgfnpapgjgcpechhaamimifchmp/frame_ant/frame_ant.js:2:15586)
    at window.fetch (chrome-extension://hoklmmgfnpapgjgcpechhaamimifchmp/frame_ant/frame_ant.js:2:15738)
    at https://www.notion.so/_assets/51706-1770d9772fbdc756.js:7:35023
    at i.<anonymous> (https://www.notion.so/_assets/64398-f3fb5209bd82f03c.js:10:7315)
    at Generator.next (<anonymous>)
    at o (https://www.notion.so/_assets/64398-f3fb5209bd82f03c.js:10:4570)
[   80441ms] [ERROR] Failed to load resource: net::ERR_BLOCKED_BY_CLIENT @ https://exp.notion.so/v1/rgstr?k=client-Tgza5wNFa8dVt9BdeUfG6Vkm29bHxX10MhoztTMzLBB&st=javascript-client&sv=3.17.1&t=1774218513649&sid=5c102fac-d37e-467d-a284-ce568ddff5bf&ec=3&gz=1:0
[   80440ms] TypeError: Failed to fetch
    at o.CtorContext.o.ApplyContext.reflect (chrome-extension://hnmpcagpplmpfojmgmnngilcnanddlhb/rulesets/scripting/scriptlet/ublock-filters.prevent-fetch.js:1:3040)
    at chrome-extension://hnmpcagpplmpfojmgmnngilcnanddlhb/rulesets/scripting/scriptlet/ublock-filters.prevent-fetch.js:1:1209
    at Object.apply (chrome-extension://hnmpcagpplmpfojmgmnngilcnanddlhb/rulesets/scripting/scriptlet/ublock-filters.prevent-fetch.js:1:3370)
    at n (chrome-extension://hoklmmgfnpapgjgcpechhaamimifchmp/frame_ant/frame_ant.js:2:15586)
    at window.fetch (chrome-extension://hoklmmgfnpapgjgcpechhaamimifchmp/frame_ant/frame_ant.js:2:15738)
    at https://www.notion.so/_assets/51706-1770d9772fbdc756.js:7:35023
    at i.<anonymous> (https://www.notion.so/_assets/64398-f3fb5209bd82f03c.js:10:7315)
    at Generator.next (<anonymous>)
    at o (https://www.notion.so/_assets/64398-f3fb5209bd82f03c.js:10:4570)
[   80954ms] [ERROR] Failed to load resource: net::ERR_BLOCKED_BY_CLIENT @ https://exp.notion.so/v1/rgstr?k=client-Tgza5wNFa8dVt9BdeUfG6Vkm29bHxX10MhoztTMzLBB&st=javascript-client&sv=3.17.1&t=1774218514161&sid=5c102fac-d37e-467d-a284-ce568ddff5bf&ec=3&gz=1:0
[   80953ms] TypeError: Failed to fetch
    at o.CtorContext.o.ApplyContext.reflect (chrome-extension://hnmpcagpplmpfojmgmnngilcnanddlhb/rulesets/scripting/scriptlet/ublock-filters.prevent-fetch.js:1:3040)
    at chrome-extension://hnmpcagpplmpfojmgmnngilcnanddlhb/rulesets/scripting/scriptlet/ublock-filters.prevent-fetch.js:1:1209
    at Object.apply (chrome-extension://hnmpcagpplmpfojmgmnngilcnanddlhb/rulesets/scripting/scriptlet/ublock-filters.prevent-fetch.js:1:3370)
    at n (chrome-extension://hoklmmgfnpapgjgcpechhaamimifchmp/frame_ant/frame_ant.js:2:15586)
    at window.fetch (chrome-extension://hoklmmgfnpapgjgcpechhaamimifchmp/frame_ant/frame_ant.js:2:15738)
    at https://www.notion.so/_assets/51706-1770d9772fbdc756.js:7:35023
    at i.<anonymous> (https://www.notion.so/_assets/64398-f3fb5209bd82f03c.js:10:7315)
    at Generator.next (<anonymous>)
    at o (https://www.notion.so/_assets/64398-f3fb5209bd82f03c.js:10:4570)
[   82964ms] [ERROR] Failed to load resource: net::ERR_BLOCKED_BY_CLIENT @ https://exp.notion.so/v1/rgstr?k=client-Tgza5wNFa8dVt9BdeUfG6Vkm29bHxX10MhoztTMzLBB&st=javascript-client&sv=3.17.1&t=1774218516171&sid=5c102fac-d37e-467d-a284-ce568ddff5bf&ec=3&gz=1:0
[   82962ms] TypeError: Failed to fetch
    at o.CtorContext.o.ApplyContext.reflect (chrome-extension://hnmpcagpplmpfojmgmnngilcnanddlhb/rulesets/scripting/scriptlet/ublock-filters.prevent-fetch.js:1:3040)
    at chrome-extension://hnmpcagpplmpfojmgmnngilcnanddlhb/rulesets/scripting/scriptlet/ublock-filters.prevent-fetch.js:1:1209
    at Object.apply (chrome-extension://hnmpcagpplmpfojmgmnngilcnanddlhb/rulesets/scripting/scriptlet/ublock-filters.prevent-fetch.js:1:3370)
    at n (chrome-extension://hoklmmgfnpapgjgcpechhaamimifchmp/frame_ant/frame_ant.js:2:15586)
    at window.fetch (chrome-extension://hoklmmgfnpapgjgcpechhaamimifchmp/frame_ant/frame_ant.js:2:15738)
    at https://www.notion.so/_assets/51706-1770d9772fbdc756.js:7:35023
    at i.<anonymous> (https://www.notion.so/_assets/64398-f3fb5209bd82f03c.js:10:7315)
    at Generator.next (<anonymous>)
    at o (https://www.notion.so/_assets/64398-f3fb5209bd82f03c.js:10:4570)
