[    6676ms] [ERROR] Failed to load resource: net::ERR_BLOCKED_BY_CLIENT @ https://exp.notion.so/v1/initialize?k=client-Tgza5wNFa8dVt9BdeUfG6Vkm29bHxX10MhoztTMzLBB&st=javascript-client&sv=3.17.1&t=1774217888004&sid=5c102fac-d37e-467d-a284-ce568ddff5bf&se=1:0
[    6678ms] [ERROR] Failed to load resource: net::ERR_BLOCKED_BY_CLIENT @ https://exp.notion.so/v1/rgstr?k=client-Tgza5wNFa8dVt9BdeUfG6Vkm29bHxX10MhoztTMzLBB&st=javascript-client&sv=3.17.1&t=1774217888010&sid=5c102fac-d37e-467d-a284-ce568ddff5bf&ec=3&gz=1:0
[    6883ms] [ERROR] Failed to load resource: net::ERR_BLOCKED_BY_CLIENT @ https://exp.notion.so/v1/rgstr?k=client-Tgza5wNFa8dVt9BdeUfG6Vkm29bHxX10MhoztTMzLBB&st=javascript-client&sv=3.17.1&t=1774217888227&sid=5c102fac-d37e-467d-a284-ce568ddff5bf&ec=1&gz=1:0
[    7195ms] [ERROR] Failed to load resource: net::ERR_BLOCKED_BY_CLIENT @ https://exp.notion.so/v1/initialize?k=client-Tgza5wNFa8dVt9BdeUfG6Vkm29bHxX10MhoztTMzLBB&st=javascript-client&sv=3.17.1&t=1774217888538&sid=5c102fac-d37e-467d-a284-ce568ddff5bf&se=1:0
[    7201ms] [ERROR] Failed to load resource: net::ERR_BLOCKED_BY_CLIENT @ https://exp.notion.so/v1/rgstr?k=client-Tgza5wNFa8dVt9BdeUfG6Vkm29bHxX10MhoztTMzLBB&st=javascript-client&sv=3.17.1&t=1774217888541&sid=5c102fac-d37e-467d-a284-ce568ddff5bf&ec=3&gz=1:0
[    7199ms] [WARNING] Ignoring inability to install OPFS sqlite3_vfs: Cannot install OPFS: Missing SharedArrayBuffer and/or Atomics. The server must emit the COOP/COEP response headers to enable those. See https://sqlite.org/wasm/doc/trunk/persistence.md#coop-coep @ https://www.notion.so/_assets/wasm-sqlite-worker-da8f693576feb28c.js:0
[    7551ms] [ERROR] Failed to load resource: net::ERR_BLOCKED_BY_CLIENT @ https://exp.notion.so/v1/rgstr?k=client-Tgza5wNFa8dVt9BdeUfG6Vkm29bHxX10MhoztTMzLBB&st=javascript-client&sv=3.17.1&t=1774217888843&sid=5c102fac-d37e-467d-a284-ce568ddff5bf&ec=1&gz=1:0
[    7565ms] [ERROR] Failed to load resource: net::ERR_BLOCKED_BY_CLIENT @ https://connect.facebook.net/en_US/fbevents.js:0
[    9210ms] [ERROR] Failed to load resource: net::ERR_BLOCKED_BY_CLIENT @ https://exp.notion.so/v1/initialize?k=client-Tgza5wNFa8dVt9BdeUfG6Vkm29bHxX10MhoztTMzLBB&st=javascript-client&sv=3.17.1&t=1774217890559&sid=5c102fac-d37e-467d-a284-ce568ddff5bf&se=1:0
[    9211ms] [ERROR]  ERROR  [Statsig] A networking error occurred during POST request to https://exp.notion.so/v1/initialize?k=client-Tgza5wNFa8dVt9BdeUfG6Vkm29bHxX10MhoztTMzLBB&st=javascript-client&sv=3.17.1&t=1774217890559&sid=5c102fac-d37e-467d-a284-ce568ddff5bf&se=1. TypeError: Failed to fetch TypeError: Failed to fetch
    at o.CtorContext.o.ApplyContext.reflect (chrome-extension://hnmpcagpplmpfojmgmnngilcnanddlhb/rulesets/scripting/scriptlet/ublock-filters.prevent-fetch.js:1:3040)
    at chrome-extension://hnmpcagpplmpfojmgmnngilcnanddlhb/rulesets/scripting/scriptlet/ublock-filters.prevent-fetch.js:1:1209
    at Object.apply (chrome-extension://hnmpcagpplmpfojmgmnngilcnanddlhb/rulesets/scripting/scriptlet/ublock-filters.prevent-fetch.js:1:3370)
    at n (chrome-extension://hoklmmgfnpapgjgcpechhaamimifchmp/frame_ant/frame_ant.js:2:15586)
    at window.fetch (chrome-extension://hoklmmgfnpapgjgcpechhaamimifchmp/frame_ant/frame_ant.js:2:15644)
    at i.<anonymous> (https://www.notion.so/_assets/64398-f3fb5209bd82f03c.js:10:7315)
    at Generator.next (<anonymous>)
    at o (https://www.notion.so/_assets/64398-f3fb5209bd82f03c.js:10:4570) @ https://www.notion.so/_assets/64398-f3fb5209bd82f03c.js:9
[    9213ms] [ERROR] Failed to load resource: net::ERR_BLOCKED_BY_CLIENT @ https://exp.notion.so/v1/rgstr?k=client-Tgza5wNFa8dVt9BdeUfG6Vkm29bHxX10MhoztTMzLBB&st=javascript-client&sv=3.17.1&t=1774217890561&sid=5c102fac-d37e-467d-a284-ce568ddff5bf&ec=3&gz=1:0
[    9561ms] [ERROR] Failed to load resource: net::ERR_BLOCKED_BY_CLIENT @ https://exp.notion.so/v1/rgstr?k=client-Tgza5wNFa8dVt9BdeUfG6Vkm29bHxX10MhoztTMzLBB&st=javascript-client&sv=3.17.1&t=1774217890910&sid=5c102fac-d37e-467d-a284-ce568ddff5bf&ec=1&gz=1:0
[   13729ms] [ERROR] Failed to load resource: net::ERR_BLOCKED_BY_CLIENT @ https://exp.notion.so/v1/rgstr?k=client-Tgza5wNFa8dVt9BdeUfG6Vkm29bHxX10MhoztTMzLBB&st=javascript-client&sv=3.17.1&t=1774217895078&sid=5c102fac-d37e-467d-a284-ce568ddff5bf&ec=3&gz=1:0
[   13730ms] [ERROR]  ERROR  [Statsig] A networking error occurred during POST request to https://exp.notion.so/v1/rgstr?k=client-Tgza5wNFa8dVt9BdeUfG6Vkm29bHxX10MhoztTMzLBB&st=javascript-client&sv=3.17.1&t=1774217895078&sid=5c102fac-d37e-467d-a284-ce568ddff5bf&ec=3&gz=1. TypeError: Failed to fetch TypeError: Failed to fetch
    at o.CtorContext.o.ApplyContext.reflect (chrome-extension://hnmpcagpplmpfojmgmnngilcnanddlhb/rulesets/scripting/scriptlet/ublock-filters.prevent-fetch.js:1:3040)
    at chrome-extension://hnmpcagpplmpfojmgmnngilcnanddlhb/rulesets/scripting/scriptlet/ublock-filters.prevent-fetch.js:1:1209
    at Object.apply (chrome-extension://hnmpcagpplmpfojmgmnngilcnanddlhb/rulesets/scripting/scriptlet/ublock-filters.prevent-fetch.js:1:3370)
    at n (chrome-extension://hoklmmgfnpapgjgcpechhaamimifchmp/frame_ant/frame_ant.js:2:15586)
    at window.fetch (chrome-extension://hoklmmgfnpapgjgcpechhaamimifchmp/frame_ant/frame_ant.js:2:15644)
    at i.<anonymous> (https://www.notion.so/_assets/64398-f3fb5209bd82f03c.js:10:7315)
    at Generator.next (<anonymous>)
    at o (https://www.notion.so/_assets/64398-f3fb5209bd82f03c.js:10:4570) @ https://www.notion.so/_assets/64398-f3fb5209bd82f03c.js:9
[   13730ms] [WARNING]   WARN  [Statsig] Failed to flush events. @ https://www.notion.so/_assets/64398-f3fb5209bd82f03c.js:9
[   14072ms] [ERROR] Failed to load resource: net::ERR_BLOCKED_BY_CLIENT @ https://exp.notion.so/v1/rgstr?k=client-Tgza5wNFa8dVt9BdeUfG6Vkm29bHxX10MhoztTMzLBB&st=javascript-client&sv=3.17.1&t=1774217895421&sid=5c102fac-d37e-467d-a284-ce568ddff5bf&ec=1&gz=1:0
[   14073ms] [ERROR]  ERROR  [Statsig] A networking error occurred during POST request to https://exp.notion.so/v1/rgstr?k=client-Tgza5wNFa8dVt9BdeUfG6Vkm29bHxX10MhoztTMzLBB&st=javascript-client&sv=3.17.1&t=1774217895421&sid=5c102fac-d37e-467d-a284-ce568ddff5bf&ec=1&gz=1. TypeError: Failed to fetch TypeError: Failed to fetch
    at o.CtorContext.o.ApplyContext.reflect (chrome-extension://hnmpcagpplmpfojmgmnngilcnanddlhb/rulesets/scripting/scriptlet/ublock-filters.prevent-fetch.js:1:3040)
    at chrome-extension://hnmpcagpplmpfojmgmnngilcnanddlhb/rulesets/scripting/scriptlet/ublock-filters.prevent-fetch.js:1:1209
    at Object.apply (chrome-extension://hnmpcagpplmpfojmgmnngilcnanddlhb/rulesets/scripting/scriptlet/ublock-filters.prevent-fetch.js:1:3370)
    at n (chrome-extension://hoklmmgfnpapgjgcpechhaamimifchmp/frame_ant/frame_ant.js:2:15586)
    at window.fetch (chrome-extension://hoklmmgfnpapgjgcpechhaamimifchmp/frame_ant/frame_ant.js:2:15644)
    at i.<anonymous> (https://www.notion.so/_assets/64398-f3fb5209bd82f03c.js:10:7315)
    at Generator.next (<anonymous>)
    at o (https://www.notion.so/_assets/64398-f3fb5209bd82f03c.js:10:4570) @ https://www.notion.so/_assets/64398-f3fb5209bd82f03c.js:9
[   14073ms] [WARNING]   WARN  [Statsig] Failed to flush events. @ https://www.notion.so/_assets/64398-f3fb5209bd82f03c.js:9
[   16664ms] [ERROR] Failed to load resource: net::ERR_BLOCKED_BY_CLIENT @ https://exp.notion.so/v1/rgstr?k=client-Tgza5wNFa8dVt9BdeUfG6Vkm29bHxX10MhoztTMzLBB&st=javascript-client&sv=3.17.1&t=1774217898013&sid=5c102fac-d37e-467d-a284-ce568ddff5bf&ec=77&gz=1:0
[   17186ms] [ERROR] Failed to load resource: net::ERR_BLOCKED_BY_CLIENT @ https://exp.notion.so/v1/rgstr?k=client-Tgza5wNFa8dVt9BdeUfG6Vkm29bHxX10MhoztTMzLBB&st=javascript-client&sv=3.17.1&t=1774217898521&sid=5c102fac-d37e-467d-a284-ce568ddff5bf&ec=77&gz=1:0
[   19615ms] [ERROR] Failed to load resource: net::ERR_BLOCKED_BY_CLIENT @ https://exp.notion.so/v1/rgstr?k=client-Tgza5wNFa8dVt9BdeUfG6Vkm29bHxX10MhoztTMzLBB&st=javascript-client&sv=3.17.1&t=1774217900585&sid=5c102fac-d37e-467d-a284-ce568ddff5bf&ec=77&gz=1:0
[   20247ms] [WARNING] Amplitude Logger [Warn]: Event not tracked, no destination plugins on the instance @ https://www.notion.so/_assets/transport-support-e7d414a1cfeb3949.js:1
[   20904ms] [ERROR] Failed to load resource: net::ERR_BLOCKED_BY_CLIENT @ https://assets.customer.io/assets/track.js:0
[   20905ms] [ERROR] Resource Sentinel noted a failed resource load of type script https://assets.customer.io/assets/track.js @ https://www.notion.so/5dc9eb375e0b4537bae5b7a948251cdc:0
[   20905ms] [WARNING] Customer.io failed to load Error: Failed to load script: https://assets.customer.io/assets/track.js
    at HTMLScriptElement.<anonymous> (https://www.notion.so/_assets/9496-d9e37940ad049346.js:2:10256) @ https://www.notion.so/_assets/third-party-scripts-290cf5fb87d0ca9f.js:0
[   21236ms] [ERROR] Failed to load resource: net::ERR_BLOCKED_BY_CLIENT @ https://o324374.ingest.sentry.io/api/5741876/envelope/?sentry_key=704fe3b1898d4ccda1d05fe1ee79a1f7&sentry_version=7&sentry_client=sentry.javascript.browser%2F7.117.0:0
[   21737ms] [ERROR] Failed to load resource: net::ERR_BLOCKED_BY_CLIENT @ https://exp.notion.so/v1/rgstr?k=client-Tgza5wNFa8dVt9BdeUfG6Vkm29bHxX10MhoztTMzLBB&st=javascript-client&sv=3.17.1&t=1774217903025&sid=5c102fac-d37e-467d-a284-ce568ddff5bf&ec=102&gz=1:0
[   22252ms] [ERROR] Failed to load resource: net::ERR_BLOCKED_BY_CLIENT @ https://exp.notion.so/v1/rgstr?k=client-Tgza5wNFa8dVt9BdeUfG6Vkm29bHxX10MhoztTMzLBB&st=javascript-client&sv=3.17.1&t=1774217903601&sid=5c102fac-d37e-467d-a284-ce568ddff5bf&ec=102&gz=1:0
[   22463ms] [ERROR] Access to fetch at 'https://app.notion.com/exp/ping' from origin 'https://www.notion.so' has been blocked by CORS policy: No 'Access-Control-Allow-Origin' header is present on the requested resource. @ https://www.notion.so/5dc9eb375e0b4537bae5b7a948251cdc?v=a33602153bff4ae0888f778aba99c29f:0
[   22463ms] [ERROR] Failed to load resource: net::ERR_FAILED @ https://app.notion.com/exp/ping:0
[   24127ms] [ERROR] Failed to load resource: net::ERR_BLOCKED_BY_CLIENT @ https://exp.notion.so/v1/rgstr?k=client-Tgza5wNFa8dVt9BdeUfG6Vkm29bHxX10MhoztTMzLBB&st=javascript-client&sv=3.17.1&t=1774217905472&sid=5c102fac-d37e-467d-a284-ce568ddff5bf&ec=77&gz=1:0
[   24127ms] [ERROR]  ERROR  [Statsig] A networking error occurred during POST request to https://exp.notion.so/v1/rgstr?k=client-Tgza5wNFa8dVt9BdeUfG6Vkm29bHxX10MhoztTMzLBB&st=javascript-client&sv=3.17.1&t=1774217905472&sid=5c102fac-d37e-467d-a284-ce568ddff5bf&ec=77&gz=1. TypeError: Failed to fetch TypeError: Failed to fetch
    at o.CtorContext.o.ApplyContext.reflect (chrome-extension://hnmpcagpplmpfojmgmnngilcnanddlhb/rulesets/scripting/scriptlet/ublock-filters.prevent-fetch.js:1:3040)
    at chrome-extension://hnmpcagpplmpfojmgmnngilcnanddlhb/rulesets/scripting/scriptlet/ublock-filters.prevent-fetch.js:1:1209
    at Object.apply (chrome-extension://hnmpcagpplmpfojmgmnngilcnanddlhb/rulesets/scripting/scriptlet/ublock-filters.prevent-fetch.js:1:3370)
    at n (chrome-extension://hoklmmgfnpapgjgcpechhaamimifchmp/frame_ant/frame_ant.js:2:15586)
    at window.fetch (chrome-extension://hoklmmgfnpapgjgcpechhaamimifchmp/frame_ant/frame_ant.js:2:15644)
    at https://www.notion.so/_assets/51706-1770d9772fbdc756.js:7:35023
    at i.<anonymous> (https://www.notion.so/_assets/64398-f3fb5209bd82f03c.js:10:7315)
    at Generator.next (<anonymous>)
    at o (https://www.notion.so/_assets/64398-f3fb5209bd82f03c.js:10:4570) @ https://www.notion.so/_assets/51706-1770d9772fbdc756.js:6
[   24128ms] [WARNING]   WARN  [Statsig] Failed to flush events. @ https://www.notion.so/_assets/51706-1770d9772fbdc756.js:6
[   24262ms] [ERROR] Failed to load resource: net::ERR_BLOCKED_BY_CLIENT @ https://exp.notion.so/v1/rgstr?k=client-Tgza5wNFa8dVt9BdeUfG6Vkm29bHxX10MhoztTMzLBB&st=javascript-client&sv=3.17.1&t=1774217905609&sid=5c102fac-d37e-467d-a284-ce568ddff5bf&ec=102&gz=1:0
[   26664ms] [ERROR] Failed to load resource: net::ERR_BLOCKED_BY_CLIENT @ https://exp.notion.so/v1/rgstr?k=client-Tgza5wNFa8dVt9BdeUfG6Vkm29bHxX10MhoztTMzLBB&st=javascript-client&sv=3.17.1&t=1774217908013&sid=5c102fac-d37e-467d-a284-ce568ddff5bf&ec=25&gz=1:0
[   27171ms] [ERROR] Failed to load resource: net::ERR_BLOCKED_BY_CLIENT @ https://exp.notion.so/v1/rgstr?k=client-Tgza5wNFa8dVt9BdeUfG6Vkm29bHxX10MhoztTMzLBB&st=javascript-client&sv=3.17.1&t=1774217908521&sid=5c102fac-d37e-467d-a284-ce568ddff5bf&ec=25&gz=1:0
[   28773ms] [ERROR] Failed to load resource: net::ERR_BLOCKED_BY_CLIENT @ https://exp.notion.so/v1/rgstr?k=client-Tgza5wNFa8dVt9BdeUfG6Vkm29bHxX10MhoztTMzLBB&st=javascript-client&sv=3.17.1&t=1774217910121&sid=5c102fac-d37e-467d-a284-ce568ddff5bf&ec=102&gz=1:0
[   28773ms] [ERROR]  ERROR  [Statsig] A networking error occurred during POST request to https://exp.notion.so/v1/rgstr?k=client-Tgza5wNFa8dVt9BdeUfG6Vkm29bHxX10MhoztTMzLBB&st=javascript-client&sv=3.17.1&t=1774217910121&sid=5c102fac-d37e-467d-a284-ce568ddff5bf&ec=102&gz=1. TypeError: Failed to fetch TypeError: Failed to fetch
    at o.CtorContext.o.ApplyContext.reflect (chrome-extension://hnmpcagpplmpfojmgmnngilcnanddlhb/rulesets/scripting/scriptlet/ublock-filters.prevent-fetch.js:1:3040)
    at chrome-extension://hnmpcagpplmpfojmgmnngilcnanddlhb/rulesets/scripting/scriptlet/ublock-filters.prevent-fetch.js:1:1209
    at Object.apply (chrome-extension://hnmpcagpplmpfojmgmnngilcnanddlhb/rulesets/scripting/scriptlet/ublock-filters.prevent-fetch.js:1:3370)
    at n (chrome-extension://hoklmmgfnpapgjgcpechhaamimifchmp/frame_ant/frame_ant.js:2:15586)
    at window.fetch (chrome-extension://hoklmmgfnpapgjgcpechhaamimifchmp/frame_ant/frame_ant.js:2:15644)
    at https://www.notion.so/_assets/51706-1770d9772fbdc756.js:7:35023
    at i.<anonymous> (https://www.notion.so/_assets/64398-f3fb5209bd82f03c.js:10:7315)
    at Generator.next (<anonymous>)
    at o (https://www.notion.so/_assets/64398-f3fb5209bd82f03c.js:10:4570) @ https://www.notion.so/_assets/51706-1770d9772fbdc756.js:6
[   28774ms] [WARNING]   WARN  [Statsig] Failed to flush events. @ https://www.notion.so/_assets/51706-1770d9772fbdc756.js:6
[   29185ms] [ERROR] Failed to load resource: net::ERR_BLOCKED_BY_CLIENT @ https://exp.notion.so/v1/rgstr?k=client-Tgza5wNFa8dVt9BdeUfG6Vkm29bHxX10MhoztTMzLBB&st=javascript-client&sv=3.17.1&t=1774217910534&sid=5c102fac-d37e-467d-a284-ce568ddff5bf&ec=25&gz=1:0
[   33690ms] [ERROR] Failed to load resource: net::ERR_BLOCKED_BY_CLIENT @ https://exp.notion.so/v1/rgstr?k=client-Tgza5wNFa8dVt9BdeUfG6Vkm29bHxX10MhoztTMzLBB&st=javascript-client&sv=3.17.1&t=1774217915038&sid=5c102fac-d37e-467d-a284-ce568ddff5bf&ec=25&gz=1:0
[   33691ms] [ERROR]  ERROR  [Statsig] A networking error occurred during POST request to https://exp.notion.so/v1/rgstr?k=client-Tgza5wNFa8dVt9BdeUfG6Vkm29bHxX10MhoztTMzLBB&st=javascript-client&sv=3.17.1&t=1774217915038&sid=5c102fac-d37e-467d-a284-ce568ddff5bf&ec=25&gz=1. TypeError: Failed to fetch TypeError: Failed to fetch
    at o.CtorContext.o.ApplyContext.reflect (chrome-extension://hnmpcagpplmpfojmgmnngilcnanddlhb/rulesets/scripting/scriptlet/ublock-filters.prevent-fetch.js:1:3040)
    at chrome-extension://hnmpcagpplmpfojmgmnngilcnanddlhb/rulesets/scripting/scriptlet/ublock-filters.prevent-fetch.js:1:1209
    at Object.apply (chrome-extension://hnmpcagpplmpfojmgmnngilcnanddlhb/rulesets/scripting/scriptlet/ublock-filters.prevent-fetch.js:1:3370)
    at n (chrome-extension://hoklmmgfnpapgjgcpechhaamimifchmp/frame_ant/frame_ant.js:2:15586)
    at window.fetch (chrome-extension://hoklmmgfnpapgjgcpechhaamimifchmp/frame_ant/frame_ant.js:2:15644)
    at https://www.notion.so/_assets/51706-1770d9772fbdc756.js:7:35023
    at i.<anonymous> (https://www.notion.so/_assets/64398-f3fb5209bd82f03c.js:10:7315)
    at Generator.next (<anonymous>)
    at o (https://www.notion.so/_assets/64398-f3fb5209bd82f03c.js:10:4570) @ https://www.notion.so/_assets/51706-1770d9772fbdc756.js:6
[   33691ms] [WARNING]   WARN  [Statsig] Failed to flush events. @ https://www.notion.so/_assets/51706-1770d9772fbdc756.js:6
[   49168ms] [ERROR] syncRecordValue error Error: Timed out.
    at dequeue (https://www.notion.so/_assets/75879-aa2c3571eba65155.js:1:53228) @ https://www.notion.so/_assets/51706-1770d9772fbdc756.js:6
[   49169ms] [ERROR] syncRecordValue error Error: Timed out.
    at dequeue (https://www.notion.so/_assets/75879-aa2c3571eba65155.js:1:53228) @ https://www.notion.so/_assets/51706-1770d9772fbdc756.js:6
[   49169ms] [ERROR] syncRecordValue error Error: Timed out.
    at dequeue (https://www.notion.so/_assets/75879-aa2c3571eba65155.js:1:53228) @ https://www.notion.so/_assets/51706-1770d9772fbdc756.js:6
[   49169ms] [ERROR] syncRecordValue error Error: Timed out.
    at dequeue (https://www.notion.so/_assets/75879-aa2c3571eba65155.js:1:53228) @ https://www.notion.so/_assets/51706-1770d9772fbdc756.js:6
[   50405ms] [ERROR] Failed to load resource: net::ERR_BLOCKED_BY_CLIENT @ https://exp.notion.so/v1/rgstr?k=client-Tgza5wNFa8dVt9BdeUfG6Vkm29bHxX10MhoztTMzLBB&st=javascript-client&sv=3.17.1&t=1774217931751&sid=5c102fac-d37e-467d-a284-ce568ddff5bf&ec=102&gz=1:0
[   50912ms] [ERROR] Failed to load resource: net::ERR_BLOCKED_BY_CLIENT @ https://exp.notion.so/v1/rgstr?k=client-Tgza5wNFa8dVt9BdeUfG6Vkm29bHxX10MhoztTMzLBB&st=javascript-client&sv=3.17.1&t=1774217932260&sid=5c102fac-d37e-467d-a284-ce568ddff5bf&ec=102&gz=1:0
[   50926ms] [ERROR] syncRecordValue error Error: Timed out.
    at dequeue (https://www.notion.so/_assets/75879-aa2c3571eba65155.js:1:53228) @ https://www.notion.so/_assets/51706-1770d9772fbdc756.js:6
[   52299ms] [ERROR] Failed to load resource: net::ERR_BLOCKED_BY_CLIENT @ https://exp.notion.so/v1/rgstr?k=client-Tgza5wNFa8dVt9BdeUfG6Vkm29bHxX10MhoztTMzLBB&st=javascript-client&sv=3.17.1&t=1774217933639&sid=5c102fac-d37e-467d-a284-ce568ddff5bf&ec=102&gz=1:0
[   52805ms] [ERROR] Failed to load resource: net::ERR_BLOCKED_BY_CLIENT @ https://exp.notion.so/v1/rgstr?k=client-Tgza5wNFa8dVt9BdeUfG6Vkm29bHxX10MhoztTMzLBB&st=javascript-client&sv=3.17.1&t=1774217934153&sid=5c102fac-d37e-467d-a284-ce568ddff5bf&ec=102&gz=1:0
[   52918ms] [ERROR] Failed to load resource: net::ERR_BLOCKED_BY_CLIENT @ https://exp.notion.so/v1/rgstr?k=client-Tgza5wNFa8dVt9BdeUfG6Vkm29bHxX10MhoztTMzLBB&st=javascript-client&sv=3.17.1&t=1774217934266&sid=5c102fac-d37e-467d-a284-ce568ddff5bf&ec=102&gz=1:0
[   54813ms] [ERROR] Failed to load resource: net::ERR_BLOCKED_BY_CLIENT @ https://exp.notion.so/v1/rgstr?k=client-Tgza5wNFa8dVt9BdeUfG6Vkm29bHxX10MhoztTMzLBB&st=javascript-client&sv=3.17.1&t=1774217936161&sid=5c102fac-d37e-467d-a284-ce568ddff5bf&ec=102&gz=1:0
[   54821ms] TypeError: Failed to fetch
    at o.CtorContext.o.ApplyContext.reflect (chrome-extension://hnmpcagpplmpfojmgmnngilcnanddlhb/rulesets/scripting/scriptlet/ublock-filters.prevent-fetch.js:1:3040)
    at chrome-extension://hnmpcagpplmpfojmgmnngilcnanddlhb/rulesets/scripting/scriptlet/ublock-filters.prevent-fetch.js:1:1209
    at Object.apply (chrome-extension://hnmpcagpplmpfojmgmnngilcnanddlhb/rulesets/scripting/scriptlet/ublock-filters.prevent-fetch.js:1:3370)
    at n (chrome-extension://hoklmmgfnpapgjgcpechhaamimifchmp/frame_ant/frame_ant.js:2:15586)
    at window.fetch (chrome-extension://hoklmmgfnpapgjgcpechhaamimifchmp/frame_ant/frame_ant.js:2:15738)
    at https://www.notion.so/_assets/51706-1770d9772fbdc756.js:7:35023
    at i.<anonymous> (https://www.notion.so/_assets/64398-f3fb5209bd82f03c.js:10:7315)
    at Generator.next (<anonymous>)
    at o (https://www.notion.so/_assets/64398-f3fb5209bd82f03c.js:10:4570)
[   55265ms] [ERROR] Failed to load resource: net::ERR_HTTP2_PROTOCOL_ERROR @ https://www.notion.so/api/v3/etClient:0
[   55266ms] [ERROR] Amplitude Logger [Error]: Failed to fetch @ https://www.notion.so/_assets/51706-1770d9772fbdc756.js:6
[   55266ms] [WARNING] Amplitude Logger [Warn]: {code: 0, error: "Status 'failed' provided for 16 events"} @ https://www.notion.so/_assets/51706-1770d9772fbdc756.js:6
[   56662ms] [ERROR] Failed to load resource: net::ERR_BLOCKED_BY_CLIENT @ https://exp.notion.so/v1/rgstr?k=client-Tgza5wNFa8dVt9BdeUfG6Vkm29bHxX10MhoztTMzLBB&st=javascript-client&sv=3.17.1&t=1774217938012&sid=5c102fac-d37e-467d-a284-ce568ddff5bf&ec=4&gz=1:0
[   56665ms] TypeError: Failed to fetch
    at o.CtorContext.o.ApplyContext.reflect (chrome-extension://hnmpcagpplmpfojmgmnngilcnanddlhb/rulesets/scripting/scriptlet/ublock-filters.prevent-fetch.js:1:3040)
    at chrome-extension://hnmpcagpplmpfojmgmnngilcnanddlhb/rulesets/scripting/scriptlet/ublock-filters.prevent-fetch.js:1:1209
    at Object.apply (chrome-extension://hnmpcagpplmpfojmgmnngilcnanddlhb/rulesets/scripting/scriptlet/ublock-filters.prevent-fetch.js:1:3370)
    at n (chrome-extension://hoklmmgfnpapgjgcpechhaamimifchmp/frame_ant/frame_ant.js:2:15586)
    at window.fetch (chrome-extension://hoklmmgfnpapgjgcpechhaamimifchmp/frame_ant/frame_ant.js:2:15738)
    at https://www.notion.so/_assets/51706-1770d9772fbdc756.js:7:35023
    at i.<anonymous> (https://www.notion.so/_assets/64398-f3fb5209bd82f03c.js:10:7315)
    at Generator.next (<anonymous>)
    at o (https://www.notion.so/_assets/64398-f3fb5209bd82f03c.js:10:4570)
[   57179ms] [ERROR] Failed to load resource: net::ERR_BLOCKED_BY_CLIENT @ https://exp.notion.so/v1/rgstr?k=client-Tgza5wNFa8dVt9BdeUfG6Vkm29bHxX10MhoztTMzLBB&st=javascript-client&sv=3.17.1&t=1774217938528&sid=5c102fac-d37e-467d-a284-ce568ddff5bf&ec=4&gz=1:0
[   57183ms] TypeError: Failed to fetch
    at o.CtorContext.o.ApplyContext.reflect (chrome-extension://hnmpcagpplmpfojmgmnngilcnanddlhb/rulesets/scripting/scriptlet/ublock-filters.prevent-fetch.js:1:3040)
    at chrome-extension://hnmpcagpplmpfojmgmnngilcnanddlhb/rulesets/scripting/scriptlet/ublock-filters.prevent-fetch.js:1:1209
    at Object.apply (chrome-extension://hnmpcagpplmpfojmgmnngilcnanddlhb/rulesets/scripting/scriptlet/ublock-filters.prevent-fetch.js:1:3370)
    at n (chrome-extension://hoklmmgfnpapgjgcpechhaamimifchmp/frame_ant/frame_ant.js:2:15586)
    at window.fetch (chrome-extension://hoklmmgfnpapgjgcpechhaamimifchmp/frame_ant/frame_ant.js:2:15738)
    at https://www.notion.so/_assets/51706-1770d9772fbdc756.js:7:35023
    at i.<anonymous> (https://www.notion.so/_assets/64398-f3fb5209bd82f03c.js:10:7315)
    at Generator.next (<anonymous>)
    at o (https://www.notion.so/_assets/64398-f3fb5209bd82f03c.js:10:4570)
[   57433ms] [ERROR] Failed to load resource: net::ERR_BLOCKED_BY_CLIENT @ https://exp.notion.so/v1/rgstr?k=client-Tgza5wNFa8dVt9BdeUfG6Vkm29bHxX10MhoztTMzLBB&st=javascript-client&sv=3.17.1&t=1774217938778&sid=5c102fac-d37e-467d-a284-ce568ddff5bf&ec=102&gz=1:0
[   57434ms] [ERROR]  ERROR  [Statsig] A networking error occurred during POST request to https://exp.notion.so/v1/rgstr?k=client-Tgza5wNFa8dVt9BdeUfG6Vkm29bHxX10MhoztTMzLBB&st=javascript-client&sv=3.17.1&t=1774217938778&sid=5c102fac-d37e-467d-a284-ce568ddff5bf&ec=102&gz=1. TypeError: Failed to fetch TypeError: Failed to fetch
    at o.CtorContext.o.ApplyContext.reflect (chrome-extension://hnmpcagpplmpfojmgmnngilcnanddlhb/rulesets/scripting/scriptlet/ublock-filters.prevent-fetch.js:1:3040)
    at chrome-extension://hnmpcagpplmpfojmgmnngilcnanddlhb/rulesets/scripting/scriptlet/ublock-filters.prevent-fetch.js:1:1209
    at Object.apply (chrome-extension://hnmpcagpplmpfojmgmnngilcnanddlhb/rulesets/scripting/scriptlet/ublock-filters.prevent-fetch.js:1:3370)
    at n (chrome-extension://hoklmmgfnpapgjgcpechhaamimifchmp/frame_ant/frame_ant.js:2:15586)
    at window.fetch (chrome-extension://hoklmmgfnpapgjgcpechhaamimifchmp/frame_ant/frame_ant.js:2:15738)
    at https://www.notion.so/_assets/51706-1770d9772fbdc756.js:7:35023
    at i.<anonymous> (https://www.notion.so/_assets/64398-f3fb5209bd82f03c.js:10:7315)
    at Generator.next (<anonymous>)
    at o (https://www.notion.so/_assets/64398-f3fb5209bd82f03c.js:10:4570) @ https://www.notion.so/_assets/51706-1770d9772fbdc756.js:6
[   57434ms] [WARNING]   WARN  [Statsig] Failed to flush events. @ https://www.notion.so/_assets/51706-1770d9772fbdc756.js:6
[   57442ms] TypeError: Failed to fetch
    at o.CtorContext.o.ApplyContext.reflect (chrome-extension://hnmpcagpplmpfojmgmnngilcnanddlhb/rulesets/scripting/scriptlet/ublock-filters.prevent-fetch.js:1:3040)
    at chrome-extension://hnmpcagpplmpfojmgmnngilcnanddlhb/rulesets/scripting/scriptlet/ublock-filters.prevent-fetch.js:1:1209
    at Object.apply (chrome-extension://hnmpcagpplmpfojmgmnngilcnanddlhb/rulesets/scripting/scriptlet/ublock-filters.prevent-fetch.js:1:3370)
    at n (chrome-extension://hoklmmgfnpapgjgcpechhaamimifchmp/frame_ant/frame_ant.js:2:15586)
    at window.fetch (chrome-extension://hoklmmgfnpapgjgcpechhaamimifchmp/frame_ant/frame_ant.js:2:15738)
    at https://www.notion.so/_assets/51706-1770d9772fbdc756.js:7:35023
    at i.<anonymous> (https://www.notion.so/_assets/64398-f3fb5209bd82f03c.js:10:7315)
    at Generator.next (<anonymous>)
    at o (https://www.notion.so/_assets/64398-f3fb5209bd82f03c.js:10:4570)
[   59197ms] [ERROR] Failed to load resource: net::ERR_BLOCKED_BY_CLIENT @ https://exp.notion.so/v1/rgstr?k=client-Tgza5wNFa8dVt9BdeUfG6Vkm29bHxX10MhoztTMzLBB&st=javascript-client&sv=3.17.1&t=1774217940545&sid=5c102fac-d37e-467d-a284-ce568ddff5bf&ec=4&gz=1:0
[   59200ms] TypeError: Failed to fetch
    at o.CtorContext.o.ApplyContext.reflect (chrome-extension://hnmpcagpplmpfojmgmnngilcnanddlhb/rulesets/scripting/scriptlet/ublock-filters.prevent-fetch.js:1:3040)
    at chrome-extension://hnmpcagpplmpfojmgmnngilcnanddlhb/rulesets/scripting/scriptlet/ublock-filters.prevent-fetch.js:1:1209
    at Object.apply (chrome-extension://hnmpcagpplmpfojmgmnngilcnanddlhb/rulesets/scripting/scriptlet/ublock-filters.prevent-fetch.js:1:3370)
    at n (chrome-extension://hoklmmgfnpapgjgcpechhaamimifchmp/frame_ant/frame_ant.js:2:15586)
    at window.fetch (chrome-extension://hoklmmgfnpapgjgcpechhaamimifchmp/frame_ant/frame_ant.js:2:15738)
    at https://www.notion.so/_assets/51706-1770d9772fbdc756.js:7:35023
    at i.<anonymous> (https://www.notion.so/_assets/64398-f3fb5209bd82f03c.js:10:7315)
    at Generator.next (<anonymous>)
    at o (https://www.notion.so/_assets/64398-f3fb5209bd82f03c.js:10:4570)
[   59321ms] [ERROR] Failed to load resource: net::ERR_BLOCKED_BY_CLIENT @ https://exp.notion.so/v1/rgstr?k=client-Tgza5wNFa8dVt9BdeUfG6Vkm29bHxX10MhoztTMzLBB&st=javascript-client&sv=3.17.1&t=1774217940670&sid=5c102fac-d37e-467d-a284-ce568ddff5bf&ec=102&gz=1:0
[   59321ms] [ERROR]  ERROR  [Statsig] A networking error occurred during POST request to https://exp.notion.so/v1/rgstr?k=client-Tgza5wNFa8dVt9BdeUfG6Vkm29bHxX10MhoztTMzLBB&st=javascript-client&sv=3.17.1&t=1774217940670&sid=5c102fac-d37e-467d-a284-ce568ddff5bf&ec=102&gz=1. TypeError: Failed to fetch TypeError: Failed to fetch
    at o.CtorContext.o.ApplyContext.reflect (chrome-extension://hnmpcagpplmpfojmgmnngilcnanddlhb/rulesets/scripting/scriptlet/ublock-filters.prevent-fetch.js:1:3040)
    at chrome-extension://hnmpcagpplmpfojmgmnngilcnanddlhb/rulesets/scripting/scriptlet/ublock-filters.prevent-fetch.js:1:1209
    at Object.apply (chrome-extension://hnmpcagpplmpfojmgmnngilcnanddlhb/rulesets/scripting/scriptlet/ublock-filters.prevent-fetch.js:1:3370)
    at n (chrome-extension://hoklmmgfnpapgjgcpechhaamimifchmp/frame_ant/frame_ant.js:2:15586)
    at window.fetch (chrome-extension://hoklmmgfnpapgjgcpechhaamimifchmp/frame_ant/frame_ant.js:2:15738)
    at https://www.notion.so/_assets/51706-1770d9772fbdc756.js:7:35023
    at i.<anonymous> (https://www.notion.so/_assets/64398-f3fb5209bd82f03c.js:10:7315)
    at Generator.next (<anonymous>)
    at o (https://www.notion.so/_assets/64398-f3fb5209bd82f03c.js:10:4570) @ https://www.notion.so/_assets/51706-1770d9772fbdc756.js:6
[   59321ms] [WARNING]   WARN  [Statsig] Failed to flush events. @ https://www.notion.so/_assets/51706-1770d9772fbdc756.js:6
[   59326ms] TypeError: Failed to fetch
    at o.CtorContext.o.ApplyContext.reflect (chrome-extension://hnmpcagpplmpfojmgmnngilcnanddlhb/rulesets/scripting/scriptlet/ublock-filters.prevent-fetch.js:1:3040)
    at chrome-extension://hnmpcagpplmpfojmgmnngilcnanddlhb/rulesets/scripting/scriptlet/ublock-filters.prevent-fetch.js:1:1209
    at Object.apply (chrome-extension://hnmpcagpplmpfojmgmnngilcnanddlhb/rulesets/scripting/scriptlet/ublock-filters.prevent-fetch.js:1:3370)
    at n (chrome-extension://hoklmmgfnpapgjgcpechhaamimifchmp/frame_ant/frame_ant.js:2:15586)
    at window.fetch (chrome-extension://hoklmmgfnpapgjgcpechhaamimifchmp/frame_ant/frame_ant.js:2:15738)
    at https://www.notion.so/_assets/51706-1770d9772fbdc756.js:7:35023
    at i.<anonymous> (https://www.notion.so/_assets/64398-f3fb5209bd82f03c.js:10:7315)
    at Generator.next (<anonymous>)
    at o (https://www.notion.so/_assets/64398-f3fb5209bd82f03c.js:10:4570)
[   63744ms] [ERROR] Failed to load resource: net::ERR_BLOCKED_BY_CLIENT @ https://exp.notion.so/v1/rgstr?k=client-Tgza5wNFa8dVt9BdeUfG6Vkm29bHxX10MhoztTMzLBB&st=javascript-client&sv=3.17.1&t=1774217945066&sid=5c102fac-d37e-467d-a284-ce568ddff5bf&ec=4&gz=1:0
[   63748ms] [ERROR]  ERROR  [Statsig] A networking error occurred during POST request to https://exp.notion.so/v1/rgstr?k=client-Tgza5wNFa8dVt9BdeUfG6Vkm29bHxX10MhoztTMzLBB&st=javascript-client&sv=3.17.1&t=1774217945066&sid=5c102fac-d37e-467d-a284-ce568ddff5bf&ec=4&gz=1. TypeError: Failed to fetch TypeError: Failed to fetch
    at o.CtorContext.o.ApplyContext.reflect (chrome-extension://hnmpcagpplmpfojmgmnngilcnanddlhb/rulesets/scripting/scriptlet/ublock-filters.prevent-fetch.js:1:3040)
    at chrome-extension://hnmpcagpplmpfojmgmnngilcnanddlhb/rulesets/scripting/scriptlet/ublock-filters.prevent-fetch.js:1:1209
    at Object.apply (chrome-extension://hnmpcagpplmpfojmgmnngilcnanddlhb/rulesets/scripting/scriptlet/ublock-filters.prevent-fetch.js:1:3370)
    at n (chrome-extension://hoklmmgfnpapgjgcpechhaamimifchmp/frame_ant/frame_ant.js:2:15586)
    at window.fetch (chrome-extension://hoklmmgfnpapgjgcpechhaamimifchmp/frame_ant/frame_ant.js:2:15738)
    at https://www.notion.so/_assets/51706-1770d9772fbdc756.js:7:35023
    at i.<anonymous> (https://www.notion.so/_assets/64398-f3fb5209bd82f03c.js:10:7315)
    at Generator.next (<anonymous>)
    at o (https://www.notion.so/_assets/64398-f3fb5209bd82f03c.js:10:4570) @ https://www.notion.so/_assets/51706-1770d9772fbdc756.js:6
[   63752ms] [WARNING]   WARN  [Statsig] Failed to flush events. @ https://www.notion.so/_assets/51706-1770d9772fbdc756.js:6
[   63824ms] TypeError: Failed to fetch
    at o.CtorContext.o.ApplyContext.reflect (chrome-extension://hnmpcagpplmpfojmgmnngilcnanddlhb/rulesets/scripting/scriptlet/ublock-filters.prevent-fetch.js:1:3040)
    at chrome-extension://hnmpcagpplmpfojmgmnngilcnanddlhb/rulesets/scripting/scriptlet/ublock-filters.prevent-fetch.js:1:1209
    at Object.apply (chrome-extension://hnmpcagpplmpfojmgmnngilcnanddlhb/rulesets/scripting/scriptlet/ublock-filters.prevent-fetch.js:1:3370)
    at n (chrome-extension://hoklmmgfnpapgjgcpechhaamimifchmp/frame_ant/frame_ant.js:2:15586)
    at window.fetch (chrome-extension://hoklmmgfnpapgjgcpechhaamimifchmp/frame_ant/frame_ant.js:2:15738)
    at https://www.notion.so/_assets/51706-1770d9772fbdc756.js:7:35023
    at i.<anonymous> (https://www.notion.so/_assets/64398-f3fb5209bd82f03c.js:10:7315)
    at Generator.next (<anonymous>)
    at o (https://www.notion.so/_assets/64398-f3fb5209bd82f03c.js:10:4570)
[   96662ms] [ERROR] Failed to load resource: net::ERR_BLOCKED_BY_CLIENT @ https://exp.notion.so/v1/rgstr?k=client-Tgza5wNFa8dVt9BdeUfG6Vkm29bHxX10MhoztTMzLBB&st=javascript-client&sv=3.17.1&t=1774217978011&sid=5c102fac-d37e-467d-a284-ce568ddff5bf&ec=2&gz=1:0
[   96662ms] TypeError: Failed to fetch
    at o.CtorContext.o.ApplyContext.reflect (chrome-extension://hnmpcagpplmpfojmgmnngilcnanddlhb/rulesets/scripting/scriptlet/ublock-filters.prevent-fetch.js:1:3040)
    at chrome-extension://hnmpcagpplmpfojmgmnngilcnanddlhb/rulesets/scripting/scriptlet/ublock-filters.prevent-fetch.js:1:1209
    at Object.apply (chrome-extension://hnmpcagpplmpfojmgmnngilcnanddlhb/rulesets/scripting/scriptlet/ublock-filters.prevent-fetch.js:1:3370)
    at n (chrome-extension://hoklmmgfnpapgjgcpechhaamimifchmp/frame_ant/frame_ant.js:2:15586)
    at window.fetch (chrome-extension://hoklmmgfnpapgjgcpechhaamimifchmp/frame_ant/frame_ant.js:2:15738)
    at https://www.notion.so/_assets/51706-1770d9772fbdc756.js:7:35023
    at i.<anonymous> (https://www.notion.so/_assets/64398-f3fb5209bd82f03c.js:10:7315)
    at Generator.next (<anonymous>)
    at o (https://www.notion.so/_assets/64398-f3fb5209bd82f03c.js:10:4570)
[   97214ms] [ERROR] Failed to load resource: net::ERR_BLOCKED_BY_CLIENT @ https://exp.notion.so/v1/rgstr?k=client-Tgza5wNFa8dVt9BdeUfG6Vkm29bHxX10MhoztTMzLBB&st=javascript-client&sv=3.17.1&t=1774217978562&sid=5c102fac-d37e-467d-a284-ce568ddff5bf&ec=2&gz=1:0
[   97214ms] TypeError: Failed to fetch
    at o.CtorContext.o.ApplyContext.reflect (chrome-extension://hnmpcagpplmpfojmgmnngilcnanddlhb/rulesets/scripting/scriptlet/ublock-filters.prevent-fetch.js:1:3040)
    at chrome-extension://hnmpcagpplmpfojmgmnngilcnanddlhb/rulesets/scripting/scriptlet/ublock-filters.prevent-fetch.js:1:1209
    at Object.apply (chrome-extension://hnmpcagpplmpfojmgmnngilcnanddlhb/rulesets/scripting/scriptlet/ublock-filters.prevent-fetch.js:1:3370)
    at n (chrome-extension://hoklmmgfnpapgjgcpechhaamimifchmp/frame_ant/frame_ant.js:2:15586)
    at window.fetch (chrome-extension://hoklmmgfnpapgjgcpechhaamimifchmp/frame_ant/frame_ant.js:2:15738)
    at https://www.notion.so/_assets/51706-1770d9772fbdc756.js:7:35023
    at i.<anonymous> (https://www.notion.so/_assets/64398-f3fb5209bd82f03c.js:10:7315)
    at Generator.next (<anonymous>)
    at o (https://www.notion.so/_assets/64398-f3fb5209bd82f03c.js:10:4570)
[   99381ms] [ERROR] Failed to load resource: net::ERR_BLOCKED_BY_CLIENT @ https://exp.notion.so/v1/rgstr?k=client-Tgza5wNFa8dVt9BdeUfG6Vkm29bHxX10MhoztTMzLBB&st=javascript-client&sv=3.17.1&t=1774217980575&sid=5c102fac-d37e-467d-a284-ce568ddff5bf&ec=2&gz=1:0
[   99396ms] TypeError: Failed to fetch
    at o.CtorContext.o.ApplyContext.reflect (chrome-extension://hnmpcagpplmpfojmgmnngilcnanddlhb/rulesets/scripting/scriptlet/ublock-filters.prevent-fetch.js:1:3040)
    at chrome-extension://hnmpcagpplmpfojmgmnngilcnanddlhb/rulesets/scripting/scriptlet/ublock-filters.prevent-fetch.js:1:1209
    at Object.apply (chrome-extension://hnmpcagpplmpfojmgmnngilcnanddlhb/rulesets/scripting/scriptlet/ublock-filters.prevent-fetch.js:1:3370)
    at n (chrome-extension://hoklmmgfnpapgjgcpechhaamimifchmp/frame_ant/frame_ant.js:2:15586)
    at window.fetch (chrome-extension://hoklmmgfnpapgjgcpechhaamimifchmp/frame_ant/frame_ant.js:2:15738)
    at https://www.notion.so/_assets/51706-1770d9772fbdc756.js:7:35023
    at i.<anonymous> (https://www.notion.so/_assets/64398-f3fb5209bd82f03c.js:10:7315)
    at Generator.next (<anonymous>)
    at o (https://www.notion.so/_assets/64398-f3fb5209bd82f03c.js:10:4570)
[  103942ms] [ERROR] Failed to load resource: net::ERR_BLOCKED_BY_CLIENT @ https://exp.notion.so/v1/rgstr?k=client-Tgza5wNFa8dVt9BdeUfG6Vkm29bHxX10MhoztTMzLBB&st=javascript-client&sv=3.17.1&t=1774217985244&sid=5c102fac-d37e-467d-a284-ce568ddff5bf&ec=2&gz=1:0
[  103955ms] [ERROR]  ERROR  [Statsig] A networking error occurred during POST request to https://exp.notion.so/v1/rgstr?k=client-Tgza5wNFa8dVt9BdeUfG6Vkm29bHxX10MhoztTMzLBB&st=javascript-client&sv=3.17.1&t=1774217985244&sid=5c102fac-d37e-467d-a284-ce568ddff5bf&ec=2&gz=1. TypeError: Failed to fetch TypeError: Failed to fetch
    at o.CtorContext.o.ApplyContext.reflect (chrome-extension://hnmpcagpplmpfojmgmnngilcnanddlhb/rulesets/scripting/scriptlet/ublock-filters.prevent-fetch.js:1:3040)
    at chrome-extension://hnmpcagpplmpfojmgmnngilcnanddlhb/rulesets/scripting/scriptlet/ublock-filters.prevent-fetch.js:1:1209
    at Object.apply (chrome-extension://hnmpcagpplmpfojmgmnngilcnanddlhb/rulesets/scripting/scriptlet/ublock-filters.prevent-fetch.js:1:3370)
    at n (chrome-extension://hoklmmgfnpapgjgcpechhaamimifchmp/frame_ant/frame_ant.js:2:15586)
    at window.fetch (chrome-extension://hoklmmgfnpapgjgcpechhaamimifchmp/frame_ant/frame_ant.js:2:15738)
    at https://www.notion.so/_assets/51706-1770d9772fbdc756.js:7:35023
    at i.<anonymous> (https://www.notion.so/_assets/64398-f3fb5209bd82f03c.js:10:7315)
    at Generator.next (<anonymous>)
    at o (https://www.notion.so/_assets/64398-f3fb5209bd82f03c.js:10:4570) @ https://www.notion.so/_assets/51706-1770d9772fbdc756.js:6
[  103963ms] [WARNING]   WARN  [Statsig] Failed to flush events. @ https://www.notion.so/_assets/51706-1770d9772fbdc756.js:6
[  104081ms] TypeError: Failed to fetch
    at o.CtorContext.o.ApplyContext.reflect (chrome-extension://hnmpcagpplmpfojmgmnngilcnanddlhb/rulesets/scripting/scriptlet/ublock-filters.prevent-fetch.js:1:3040)
    at chrome-extension://hnmpcagpplmpfojmgmnngilcnanddlhb/rulesets/scripting/scriptlet/ublock-filters.prevent-fetch.js:1:1209
    at Object.apply (chrome-extension://hnmpcagpplmpfojmgmnngilcnanddlhb/rulesets/scripting/scriptlet/ublock-filters.prevent-fetch.js:1:3370)
    at n (chrome-extension://hoklmmgfnpapgjgcpechhaamimifchmp/frame_ant/frame_ant.js:2:15586)
    at window.fetch (chrome-extension://hoklmmgfnpapgjgcpechhaamimifchmp/frame_ant/frame_ant.js:2:15738)
    at https://www.notion.so/_assets/51706-1770d9772fbdc756.js:7:35023
    at i.<anonymous> (https://www.notion.so/_assets/64398-f3fb5209bd82f03c.js:10:7315)
    at Generator.next (<anonymous>)
    at o (https://www.notion.so/_assets/64398-f3fb5209bd82f03c.js:10:4570)
[  106656ms] [ERROR] Failed to load resource: net::ERR_BLOCKED_BY_CLIENT @ https://exp.notion.so/v1/rgstr?k=client-Tgza5wNFa8dVt9BdeUfG6Vkm29bHxX10MhoztTMzLBB&st=javascript-client&sv=3.17.1&t=1774217988006&sid=5c102fac-d37e-467d-a284-ce568ddff5bf&ec=2&gz=1:0
[  106655ms] TypeError: Failed to fetch
    at o.CtorContext.o.ApplyContext.reflect (chrome-extension://hnmpcagpplmpfojmgmnngilcnanddlhb/rulesets/scripting/scriptlet/ublock-filters.prevent-fetch.js:1:3040)
    at chrome-extension://hnmpcagpplmpfojmgmnngilcnanddlhb/rulesets/scripting/scriptlet/ublock-filters.prevent-fetch.js:1:1209
    at Object.apply (chrome-extension://hnmpcagpplmpfojmgmnngilcnanddlhb/rulesets/scripting/scriptlet/ublock-filters.prevent-fetch.js:1:3370)
    at n (chrome-extension://hoklmmgfnpapgjgcpechhaamimifchmp/frame_ant/frame_ant.js:2:15586)
    at window.fetch (chrome-extension://hoklmmgfnpapgjgcpechhaamimifchmp/frame_ant/frame_ant.js:2:15738)
    at https://www.notion.so/_assets/51706-1770d9772fbdc756.js:7:35023
    at i.<anonymous> (https://www.notion.so/_assets/64398-f3fb5209bd82f03c.js:10:7315)
    at Generator.next (<anonymous>)
    at o (https://www.notion.so/_assets/64398-f3fb5209bd82f03c.js:10:4570)
[  107164ms] [ERROR] Failed to load resource: net::ERR_BLOCKED_BY_CLIENT @ https://exp.notion.so/v1/rgstr?k=client-Tgza5wNFa8dVt9BdeUfG6Vkm29bHxX10MhoztTMzLBB&st=javascript-client&sv=3.17.1&t=1774217988513&sid=5c102fac-d37e-467d-a284-ce568ddff5bf&ec=2&gz=1:0
[  107163ms] TypeError: Failed to fetch
    at o.CtorContext.o.ApplyContext.reflect (chrome-extension://hnmpcagpplmpfojmgmnngilcnanddlhb/rulesets/scripting/scriptlet/ublock-filters.prevent-fetch.js:1:3040)
    at chrome-extension://hnmpcagpplmpfojmgmnngilcnanddlhb/rulesets/scripting/scriptlet/ublock-filters.prevent-fetch.js:1:1209
    at Object.apply (chrome-extension://hnmpcagpplmpfojmgmnngilcnanddlhb/rulesets/scripting/scriptlet/ublock-filters.prevent-fetch.js:1:3370)
    at n (chrome-extension://hoklmmgfnpapgjgcpechhaamimifchmp/frame_ant/frame_ant.js:2:15586)
    at window.fetch (chrome-extension://hoklmmgfnpapgjgcpechhaamimifchmp/frame_ant/frame_ant.js:2:15738)
    at https://www.notion.so/_assets/51706-1770d9772fbdc756.js:7:35023
    at i.<anonymous> (https://www.notion.so/_assets/64398-f3fb5209bd82f03c.js:10:7315)
    at Generator.next (<anonymous>)
    at o (https://www.notion.so/_assets/64398-f3fb5209bd82f03c.js:10:4570)
[  109184ms] [ERROR] Failed to load resource: net::ERR_BLOCKED_BY_CLIENT @ https://exp.notion.so/v1/rgstr?k=client-Tgza5wNFa8dVt9BdeUfG6Vkm29bHxX10MhoztTMzLBB&st=javascript-client&sv=3.17.1&t=1774217990533&sid=5c102fac-d37e-467d-a284-ce568ddff5bf&ec=2&gz=1:0
[  109183ms] TypeError: Failed to fetch
    at o.CtorContext.o.ApplyContext.reflect (chrome-extension://hnmpcagpplmpfojmgmnngilcnanddlhb/rulesets/scripting/scriptlet/ublock-filters.prevent-fetch.js:1:3040)
    at chrome-extension://hnmpcagpplmpfojmgmnngilcnanddlhb/rulesets/scripting/scriptlet/ublock-filters.prevent-fetch.js:1:1209
    at Object.apply (chrome-extension://hnmpcagpplmpfojmgmnngilcnanddlhb/rulesets/scripting/scriptlet/ublock-filters.prevent-fetch.js:1:3370)
    at n (chrome-extension://hoklmmgfnpapgjgcpechhaamimifchmp/frame_ant/frame_ant.js:2:15586)
    at window.fetch (chrome-extension://hoklmmgfnpapgjgcpechhaamimifchmp/frame_ant/frame_ant.js:2:15738)
    at https://www.notion.so/_assets/51706-1770d9772fbdc756.js:7:35023
    at i.<anonymous> (https://www.notion.so/_assets/64398-f3fb5209bd82f03c.js:10:7315)
    at Generator.next (<anonymous>)
    at o (https://www.notion.so/_assets/64398-f3fb5209bd82f03c.js:10:4570)
[  113823ms] [ERROR] Failed to load resource: net::ERR_BLOCKED_BY_CLIENT @ https://exp.notion.so/v1/rgstr?k=client-Tgza5wNFa8dVt9BdeUfG6Vkm29bHxX10MhoztTMzLBB&st=javascript-client&sv=3.17.1&t=1774217995044&sid=5c102fac-d37e-467d-a284-ce568ddff5bf&ec=2&gz=1:0
[  113824ms] [ERROR]  ERROR  [Statsig] A networking error occurred during POST request to https://exp.notion.so/v1/rgstr?k=client-Tgza5wNFa8dVt9BdeUfG6Vkm29bHxX10MhoztTMzLBB&st=javascript-client&sv=3.17.1&t=1774217995044&sid=5c102fac-d37e-467d-a284-ce568ddff5bf&ec=2&gz=1. TypeError: Failed to fetch TypeError: Failed to fetch
    at o.CtorContext.o.ApplyContext.reflect (chrome-extension://hnmpcagpplmpfojmgmnngilcnanddlhb/rulesets/scripting/scriptlet/ublock-filters.prevent-fetch.js:1:3040)
    at chrome-extension://hnmpcagpplmpfojmgmnngilcnanddlhb/rulesets/scripting/scriptlet/ublock-filters.prevent-fetch.js:1:1209
    at Object.apply (chrome-extension://hnmpcagpplmpfojmgmnngilcnanddlhb/rulesets/scripting/scriptlet/ublock-filters.prevent-fetch.js:1:3370)
    at n (chrome-extension://hoklmmgfnpapgjgcpechhaamimifchmp/frame_ant/frame_ant.js:2:15586)
    at window.fetch (chrome-extension://hoklmmgfnpapgjgcpechhaamimifchmp/frame_ant/frame_ant.js:2:15738)
    at https://www.notion.so/_assets/51706-1770d9772fbdc756.js:7:35023
    at i.<anonymous> (https://www.notion.so/_assets/64398-f3fb5209bd82f03c.js:10:7315)
    at Generator.next (<anonymous>)
    at o (https://www.notion.so/_assets/64398-f3fb5209bd82f03c.js:10:4570) @ https://www.notion.so/_assets/51706-1770d9772fbdc756.js:6
[  113824ms] [WARNING]   WARN  [Statsig] Failed to flush events. @ https://www.notion.so/_assets/51706-1770d9772fbdc756.js:6
[  113859ms] TypeError: Failed to fetch
    at o.CtorContext.o.ApplyContext.reflect (chrome-extension://hnmpcagpplmpfojmgmnngilcnanddlhb/rulesets/scripting/scriptlet/ublock-filters.prevent-fetch.js:1:3040)
    at chrome-extension://hnmpcagpplmpfojmgmnngilcnanddlhb/rulesets/scripting/scriptlet/ublock-filters.prevent-fetch.js:1:1209
    at Object.apply (chrome-extension://hnmpcagpplmpfojmgmnngilcnanddlhb/rulesets/scripting/scriptlet/ublock-filters.prevent-fetch.js:1:3370)
    at n (chrome-extension://hoklmmgfnpapgjgcpechhaamimifchmp/frame_ant/frame_ant.js:2:15586)
    at window.fetch (chrome-extension://hoklmmgfnpapgjgcpechhaamimifchmp/frame_ant/frame_ant.js:2:15738)
    at https://www.notion.so/_assets/51706-1770d9772fbdc756.js:7:35023
    at i.<anonymous> (https://www.notion.so/_assets/64398-f3fb5209bd82f03c.js:10:7315)
    at Generator.next (<anonymous>)
    at o (https://www.notion.so/_assets/64398-f3fb5209bd82f03c.js:10:4570)
[  166663ms] [ERROR] Failed to load resource: net::ERR_BLOCKED_BY_CLIENT @ https://exp.notion.so/v1/rgstr?k=client-Tgza5wNFa8dVt9BdeUfG6Vkm29bHxX10MhoztTMzLBB&st=javascript-client&sv=3.17.1&t=1774218048012&sid=5c102fac-d37e-467d-a284-ce568ddff5bf&ec=6&gz=1:0
[  166666ms] TypeError: Failed to fetch
    at o.CtorContext.o.ApplyContext.reflect (chrome-extension://hnmpcagpplmpfojmgmnngilcnanddlhb/rulesets/scripting/scriptlet/ublock-filters.prevent-fetch.js:1:3040)
    at chrome-extension://hnmpcagpplmpfojmgmnngilcnanddlhb/rulesets/scripting/scriptlet/ublock-filters.prevent-fetch.js:1:1209
    at Object.apply (chrome-extension://hnmpcagpplmpfojmgmnngilcnanddlhb/rulesets/scripting/scriptlet/ublock-filters.prevent-fetch.js:1:3370)
    at n (chrome-extension://hoklmmgfnpapgjgcpechhaamimifchmp/frame_ant/frame_ant.js:2:15586)
    at window.fetch (chrome-extension://hoklmmgfnpapgjgcpechhaamimifchmp/frame_ant/frame_ant.js:2:15738)
    at https://www.notion.so/_assets/51706-1770d9772fbdc756.js:7:35023
    at i.<anonymous> (https://www.notion.so/_assets/64398-f3fb5209bd82f03c.js:10:7315)
    at Generator.next (<anonymous>)
    at o (https://www.notion.so/_assets/64398-f3fb5209bd82f03c.js:10:4570)
[  167173ms] [ERROR] Failed to load resource: net::ERR_BLOCKED_BY_CLIENT @ https://exp.notion.so/v1/rgstr?k=client-Tgza5wNFa8dVt9BdeUfG6Vkm29bHxX10MhoztTMzLBB&st=javascript-client&sv=3.17.1&t=1774218048521&sid=5c102fac-d37e-467d-a284-ce568ddff5bf&ec=6&gz=1:0
[  167175ms] TypeError: Failed to fetch
    at o.CtorContext.o.ApplyContext.reflect (chrome-extension://hnmpcagpplmpfojmgmnngilcnanddlhb/rulesets/scripting/scriptlet/ublock-filters.prevent-fetch.js:1:3040)
    at chrome-extension://hnmpcagpplmpfojmgmnngilcnanddlhb/rulesets/scripting/scriptlet/ublock-filters.prevent-fetch.js:1:1209
    at Object.apply (chrome-extension://hnmpcagpplmpfojmgmnngilcnanddlhb/rulesets/scripting/scriptlet/ublock-filters.prevent-fetch.js:1:3370)
    at n (chrome-extension://hoklmmgfnpapgjgcpechhaamimifchmp/frame_ant/frame_ant.js:2:15586)
    at window.fetch (chrome-extension://hoklmmgfnpapgjgcpechhaamimifchmp/frame_ant/frame_ant.js:2:15738)
    at https://www.notion.so/_assets/51706-1770d9772fbdc756.js:7:35023
    at i.<anonymous> (https://www.notion.so/_assets/64398-f3fb5209bd82f03c.js:10:7315)
    at Generator.next (<anonymous>)
    at o (https://www.notion.so/_assets/64398-f3fb5209bd82f03c.js:10:4570)
[  169192ms] [ERROR] Failed to load resource: net::ERR_BLOCKED_BY_CLIENT @ https://exp.notion.so/v1/rgstr?k=client-Tgza5wNFa8dVt9BdeUfG6Vkm29bHxX10MhoztTMzLBB&st=javascript-client&sv=3.17.1&t=1774218050535&sid=5c102fac-d37e-467d-a284-ce568ddff5bf&ec=6&gz=1:0
[  169194ms] TypeError: Failed to fetch
    at o.CtorContext.o.ApplyContext.reflect (chrome-extension://hnmpcagpplmpfojmgmnngilcnanddlhb/rulesets/scripting/scriptlet/ublock-filters.prevent-fetch.js:1:3040)
    at chrome-extension://hnmpcagpplmpfojmgmnngilcnanddlhb/rulesets/scripting/scriptlet/ublock-filters.prevent-fetch.js:1:1209
    at Object.apply (chrome-extension://hnmpcagpplmpfojmgmnngilcnanddlhb/rulesets/scripting/scriptlet/ublock-filters.prevent-fetch.js:1:3370)
    at n (chrome-extension://hoklmmgfnpapgjgcpechhaamimifchmp/frame_ant/frame_ant.js:2:15586)
    at window.fetch (chrome-extension://hoklmmgfnpapgjgcpechhaamimifchmp/frame_ant/frame_ant.js:2:15738)
    at https://www.notion.so/_assets/51706-1770d9772fbdc756.js:7:35023
    at i.<anonymous> (https://www.notion.so/_assets/64398-f3fb5209bd82f03c.js:10:7315)
    at Generator.next (<anonymous>)
    at o (https://www.notion.so/_assets/64398-f3fb5209bd82f03c.js:10:4570)
[  173713ms] [ERROR] Failed to load resource: net::ERR_BLOCKED_BY_CLIENT @ https://exp.notion.so/v1/rgstr?k=client-Tgza5wNFa8dVt9BdeUfG6Vkm29bHxX10MhoztTMzLBB&st=javascript-client&sv=3.17.1&t=1774218055061&sid=5c102fac-d37e-467d-a284-ce568ddff5bf&ec=6&gz=1:0
[  173713ms] [ERROR]  ERROR  [Statsig] A networking error occurred during POST request to https://exp.notion.so/v1/rgstr?k=client-Tgza5wNFa8dVt9BdeUfG6Vkm29bHxX10MhoztTMzLBB&st=javascript-client&sv=3.17.1&t=1774218055061&sid=5c102fac-d37e-467d-a284-ce568ddff5bf&ec=6&gz=1. TypeError: Failed to fetch TypeError: Failed to fetch
    at o.CtorContext.o.ApplyContext.reflect (chrome-extension://hnmpcagpplmpfojmgmnngilcnanddlhb/rulesets/scripting/scriptlet/ublock-filters.prevent-fetch.js:1:3040)
    at chrome-extension://hnmpcagpplmpfojmgmnngilcnanddlhb/rulesets/scripting/scriptlet/ublock-filters.prevent-fetch.js:1:1209
    at Object.apply (chrome-extension://hnmpcagpplmpfojmgmnngilcnanddlhb/rulesets/scripting/scriptlet/ublock-filters.prevent-fetch.js:1:3370)
    at n (chrome-extension://hoklmmgfnpapgjgcpechhaamimifchmp/frame_ant/frame_ant.js:2:15586)
    at window.fetch (chrome-extension://hoklmmgfnpapgjgcpechhaamimifchmp/frame_ant/frame_ant.js:2:15738)
    at https://www.notion.so/_assets/51706-1770d9772fbdc756.js:7:35023
    at i.<anonymous> (https://www.notion.so/_assets/64398-f3fb5209bd82f03c.js:10:7315)
    at Generator.next (<anonymous>)
    at o (https://www.notion.so/_assets/64398-f3fb5209bd82f03c.js:10:4570) @ https://www.notion.so/_assets/51706-1770d9772fbdc756.js:6
[  173714ms] [WARNING]   WARN  [Statsig] Failed to flush events. @ https://www.notion.so/_assets/51706-1770d9772fbdc756.js:6
[  173716ms] TypeError: Failed to fetch
    at o.CtorContext.o.ApplyContext.reflect (chrome-extension://hnmpcagpplmpfojmgmnngilcnanddlhb/rulesets/scripting/scriptlet/ublock-filters.prevent-fetch.js:1:3040)
    at chrome-extension://hnmpcagpplmpfojmgmnngilcnanddlhb/rulesets/scripting/scriptlet/ublock-filters.prevent-fetch.js:1:1209
    at Object.apply (chrome-extension://hnmpcagpplmpfojmgmnngilcnanddlhb/rulesets/scripting/scriptlet/ublock-filters.prevent-fetch.js:1:3370)
    at n (chrome-extension://hoklmmgfnpapgjgcpechhaamimifchmp/frame_ant/frame_ant.js:2:15586)
    at window.fetch (chrome-extension://hoklmmgfnpapgjgcpechhaamimifchmp/frame_ant/frame_ant.js:2:15738)
    at https://www.notion.so/_assets/51706-1770d9772fbdc756.js:7:35023
    at i.<anonymous> (https://www.notion.so/_assets/64398-f3fb5209bd82f03c.js:10:7315)
    at Generator.next (<anonymous>)
    at o (https://www.notion.so/_assets/64398-f3fb5209bd82f03c.js:10:4570)
[  226837ms] [ERROR] Failed to load resource: net::ERR_BLOCKED_BY_CLIENT @ https://exp.notion.so/v1/rgstr?k=client-Tgza5wNFa8dVt9BdeUfG6Vkm29bHxX10MhoztTMzLBB&st=javascript-client&sv=3.17.1&t=1774218108186&sid=5c102fac-d37e-467d-a284-ce568ddff5bf&ec=3&gz=1:0
[  226842ms] TypeError: Failed to fetch
    at o.CtorContext.o.ApplyContext.reflect (chrome-extension://hnmpcagpplmpfojmgmnngilcnanddlhb/rulesets/scripting/scriptlet/ublock-filters.prevent-fetch.js:1:3040)
    at chrome-extension://hnmpcagpplmpfojmgmnngilcnanddlhb/rulesets/scripting/scriptlet/ublock-filters.prevent-fetch.js:1:1209
    at Object.apply (chrome-extension://hnmpcagpplmpfojmgmnngilcnanddlhb/rulesets/scripting/scriptlet/ublock-filters.prevent-fetch.js:1:3370)
    at n (chrome-extension://hoklmmgfnpapgjgcpechhaamimifchmp/frame_ant/frame_ant.js:2:15586)
    at window.fetch (chrome-extension://hoklmmgfnpapgjgcpechhaamimifchmp/frame_ant/frame_ant.js:2:15738)
    at https://www.notion.so/_assets/51706-1770d9772fbdc756.js:7:35023
    at i.<anonymous> (https://www.notion.so/_assets/64398-f3fb5209bd82f03c.js:10:7315)
    at Generator.next (<anonymous>)
    at o (https://www.notion.so/_assets/64398-f3fb5209bd82f03c.js:10:4570)
[  227351ms] [ERROR] Failed to load resource: net::ERR_BLOCKED_BY_CLIENT @ https://exp.notion.so/v1/rgstr?k=client-Tgza5wNFa8dVt9BdeUfG6Vkm29bHxX10MhoztTMzLBB&st=javascript-client&sv=3.17.1&t=1774218108701&sid=5c102fac-d37e-467d-a284-ce568ddff5bf&ec=3&gz=1:0
[  227352ms] TypeError: Failed to fetch
    at o.CtorContext.o.ApplyContext.reflect (chrome-extension://hnmpcagpplmpfojmgmnngilcnanddlhb/rulesets/scripting/scriptlet/ublock-filters.prevent-fetch.js:1:3040)
    at chrome-extension://hnmpcagpplmpfojmgmnngilcnanddlhb/rulesets/scripting/scriptlet/ublock-filters.prevent-fetch.js:1:1209
    at Object.apply (chrome-extension://hnmpcagpplmpfojmgmnngilcnanddlhb/rulesets/scripting/scriptlet/ublock-filters.prevent-fetch.js:1:3370)
    at n (chrome-extension://hoklmmgfnpapgjgcpechhaamimifchmp/frame_ant/frame_ant.js:2:15586)
    at window.fetch (chrome-extension://hoklmmgfnpapgjgcpechhaamimifchmp/frame_ant/frame_ant.js:2:15738)
    at https://www.notion.so/_assets/51706-1770d9772fbdc756.js:7:35023
    at i.<anonymous> (https://www.notion.so/_assets/64398-f3fb5209bd82f03c.js:10:7315)
    at Generator.next (<anonymous>)
    at o (https://www.notion.so/_assets/64398-f3fb5209bd82f03c.js:10:4570)
[  229363ms] [ERROR] Failed to load resource: net::ERR_BLOCKED_BY_CLIENT @ https://exp.notion.so/v1/rgstr?k=client-Tgza5wNFa8dVt9BdeUfG6Vkm29bHxX10MhoztTMzLBB&st=javascript-client&sv=3.17.1&t=1774218110710&sid=5c102fac-d37e-467d-a284-ce568ddff5bf&ec=3&gz=1:0
[  229365ms] TypeError: Failed to fetch
    at o.CtorContext.o.ApplyContext.reflect (chrome-extension://hnmpcagpplmpfojmgmnngilcnanddlhb/rulesets/scripting/scriptlet/ublock-filters.prevent-fetch.js:1:3040)
    at chrome-extension://hnmpcagpplmpfojmgmnngilcnanddlhb/rulesets/scripting/scriptlet/ublock-filters.prevent-fetch.js:1:1209
    at Object.apply (chrome-extension://hnmpcagpplmpfojmgmnngilcnanddlhb/rulesets/scripting/scriptlet/ublock-filters.prevent-fetch.js:1:3370)
    at n (chrome-extension://hoklmmgfnpapgjgcpechhaamimifchmp/frame_ant/frame_ant.js:2:15586)
    at window.fetch (chrome-extension://hoklmmgfnpapgjgcpechhaamimifchmp/frame_ant/frame_ant.js:2:15738)
    at https://www.notion.so/_assets/51706-1770d9772fbdc756.js:7:35023
    at i.<anonymous> (https://www.notion.so/_assets/64398-f3fb5209bd82f03c.js:10:7315)
    at Generator.next (<anonymous>)
    at o (https://www.notion.so/_assets/64398-f3fb5209bd82f03c.js:10:4570)
[  233879ms] [ERROR] Failed to load resource: net::ERR_BLOCKED_BY_CLIENT @ https://exp.notion.so/v1/rgstr?k=client-Tgza5wNFa8dVt9BdeUfG6Vkm29bHxX10MhoztTMzLBB&st=javascript-client&sv=3.17.1&t=1774218115227&sid=5c102fac-d37e-467d-a284-ce568ddff5bf&ec=3&gz=1:0
[  233880ms] [ERROR]  ERROR  [Statsig] A networking error occurred during POST request to https://exp.notion.so/v1/rgstr?k=client-Tgza5wNFa8dVt9BdeUfG6Vkm29bHxX10MhoztTMzLBB&st=javascript-client&sv=3.17.1&t=1774218115227&sid=5c102fac-d37e-467d-a284-ce568ddff5bf&ec=3&gz=1. TypeError: Failed to fetch TypeError: Failed to fetch
    at o.CtorContext.o.ApplyContext.reflect (chrome-extension://hnmpcagpplmpfojmgmnngilcnanddlhb/rulesets/scripting/scriptlet/ublock-filters.prevent-fetch.js:1:3040)
    at chrome-extension://hnmpcagpplmpfojmgmnngilcnanddlhb/rulesets/scripting/scriptlet/ublock-filters.prevent-fetch.js:1:1209
    at Object.apply (chrome-extension://hnmpcagpplmpfojmgmnngilcnanddlhb/rulesets/scripting/scriptlet/ublock-filters.prevent-fetch.js:1:3370)
    at n (chrome-extension://hoklmmgfnpapgjgcpechhaamimifchmp/frame_ant/frame_ant.js:2:15586)
    at window.fetch (chrome-extension://hoklmmgfnpapgjgcpechhaamimifchmp/frame_ant/frame_ant.js:2:15738)
    at https://www.notion.so/_assets/51706-1770d9772fbdc756.js:7:35023
    at i.<anonymous> (https://www.notion.so/_assets/64398-f3fb5209bd82f03c.js:10:7315)
    at Generator.next (<anonymous>)
    at o (https://www.notion.so/_assets/64398-f3fb5209bd82f03c.js:10:4570) @ https://www.notion.so/_assets/51706-1770d9772fbdc756.js:6
[  233880ms] [WARNING]   WARN  [Statsig] Failed to flush events. @ https://www.notion.so/_assets/51706-1770d9772fbdc756.js:6
[  233882ms] TypeError: Failed to fetch
    at o.CtorContext.o.ApplyContext.reflect (chrome-extension://hnmpcagpplmpfojmgmnngilcnanddlhb/rulesets/scripting/scriptlet/ublock-filters.prevent-fetch.js:1:3040)
    at chrome-extension://hnmpcagpplmpfojmgmnngilcnanddlhb/rulesets/scripting/scriptlet/ublock-filters.prevent-fetch.js:1:1209
    at Object.apply (chrome-extension://hnmpcagpplmpfojmgmnngilcnanddlhb/rulesets/scripting/scriptlet/ublock-filters.prevent-fetch.js:1:3370)
    at n (chrome-extension://hoklmmgfnpapgjgcpechhaamimifchmp/frame_ant/frame_ant.js:2:15586)
    at window.fetch (chrome-extension://hoklmmgfnpapgjgcpechhaamimifchmp/frame_ant/frame_ant.js:2:15738)
    at https://www.notion.so/_assets/51706-1770d9772fbdc756.js:7:35023
    at i.<anonymous> (https://www.notion.so/_assets/64398-f3fb5209bd82f03c.js:10:7315)
    at Generator.next (<anonymous>)
    at o (https://www.notion.so/_assets/64398-f3fb5209bd82f03c.js:10:4570)
